Archive member included to satisfy reference by file (symbol)

c:/st/stm32cubeide_1.8.0/stm32cubeide/plugins/com.st.stm32cube.ide.mcu.externaltools.gnu-tools-for-stm32.9-2020-q2-update.win32_2.0.0.202105311346/tools/bin/../lib/gcc/arm-none-eabi/9.3.1/../../../../arm-none-eabi/lib/thumb/v6-m/nofp\libc_nano.a(lib_a-errno.o)
                              ./Core/Src/syscalls.o (__errno)
c:/st/stm32cubeide_1.8.0/stm32cubeide/plugins/com.st.stm32cube.ide.mcu.externaltools.gnu-tools-for-stm32.9-2020-q2-update.win32_2.0.0.202105311346/tools/bin/../lib/gcc/arm-none-eabi/9.3.1/../../../../arm-none-eabi/lib/thumb/v6-m/nofp\libc_nano.a(lib_a-exit.o)
                              c:/st/stm32cubeide_1.8.0/stm32cubeide/plugins/com.st.stm32cube.ide.mcu.externaltools.gnu-tools-for-stm32.9-2020-q2-update.win32_2.0.0.202105311346/tools/bin/../lib/gcc/arm-none-eabi/9.3.1/../../../../arm-none-eabi/lib/thumb/v6-m/nofp/crt0.o (exit)
c:/st/stm32cubeide_1.8.0/stm32cubeide/plugins/com.st.stm32cube.ide.mcu.externaltools.gnu-tools-for-stm32.9-2020-q2-update.win32_2.0.0.202105311346/tools/bin/../lib/gcc/arm-none-eabi/9.3.1/../../../../arm-none-eabi/lib/thumb/v6-m/nofp\libc_nano.a(lib_a-impure.o)
                              c:/st/stm32cubeide_1.8.0/stm32cubeide/plugins/com.st.stm32cube.ide.mcu.externaltools.gnu-tools-for-stm32.9-2020-q2-update.win32_2.0.0.202105311346/tools/bin/../lib/gcc/arm-none-eabi/9.3.1/../../../../arm-none-eabi/lib/thumb/v6-m/nofp\libc_nano.a(lib_a-exit.o) (_global_impure_ptr)
c:/st/stm32cubeide_1.8.0/stm32cubeide/plugins/com.st.stm32cube.ide.mcu.externaltools.gnu-tools-for-stm32.9-2020-q2-update.win32_2.0.0.202105311346/tools/bin/../lib/gcc/arm-none-eabi/9.3.1/../../../../arm-none-eabi/lib/thumb/v6-m/nofp\libc_nano.a(lib_a-init.o)
                              c:/st/stm32cubeide_1.8.0/stm32cubeide/plugins/com.st.stm32cube.ide.mcu.externaltools.gnu-tools-for-stm32.9-2020-q2-update.win32_2.0.0.202105311346/tools/bin/../lib/gcc/arm-none-eabi/9.3.1/../../../../arm-none-eabi/lib/thumb/v6-m/nofp/crt0.o (__libc_init_array)
c:/st/stm32cubeide_1.8.0/stm32cubeide/plugins/com.st.stm32cube.ide.mcu.externaltools.gnu-tools-for-stm32.9-2020-q2-update.win32_2.0.0.202105311346/tools/bin/../lib/gcc/arm-none-eabi/9.3.1/../../../../arm-none-eabi/lib/thumb/v6-m/nofp\libc_nano.a(lib_a-memcpy-stub.o)
                              ./Core/Src/TJ_MPU6050.o (memcpy)
c:/st/stm32cubeide_1.8.0/stm32cubeide/plugins/com.st.stm32cube.ide.mcu.externaltools.gnu-tools-for-stm32.9-2020-q2-update.win32_2.0.0.202105311346/tools/bin/../lib/gcc/arm-none-eabi/9.3.1/../../../../arm-none-eabi/lib/thumb/v6-m/nofp\libc_nano.a(lib_a-memset.o)
                              c:/st/stm32cubeide_1.8.0/stm32cubeide/plugins/com.st.stm32cube.ide.mcu.externaltools.gnu-tools-for-stm32.9-2020-q2-update.win32_2.0.0.202105311346/tools/bin/../lib/gcc/arm-none-eabi/9.3.1/../../../../arm-none-eabi/lib/thumb/v6-m/nofp/crt0.o (memset)
c:/st/stm32cubeide_1.8.0/stm32cubeide/plugins/com.st.stm32cube.ide.mcu.externaltools.gnu-tools-for-stm32.9-2020-q2-update.win32_2.0.0.202105311346/tools/bin/../lib/gcc/arm-none-eabi/9.3.1/thumb/v6-m/nofp\libgcc.a(_udivsi3.o)
                              ./Core/Src/system_stm32g0xx.o (__aeabi_uidiv)
c:/st/stm32cubeide_1.8.0/stm32cubeide/plugins/com.st.stm32cube.ide.mcu.externaltools.gnu-tools-for-stm32.9-2020-q2-update.win32_2.0.0.202105311346/tools/bin/../lib/gcc/arm-none-eabi/9.3.1/thumb/v6-m/nofp\libgcc.a(_dvmd_tls.o)
                              c:/st/stm32cubeide_1.8.0/stm32cubeide/plugins/com.st.stm32cube.ide.mcu.externaltools.gnu-tools-for-stm32.9-2020-q2-update.win32_2.0.0.202105311346/tools/bin/../lib/gcc/arm-none-eabi/9.3.1/thumb/v6-m/nofp\libgcc.a(_udivsi3.o) (__aeabi_idiv0)
c:/st/stm32cubeide_1.8.0/stm32cubeide/plugins/com.st.stm32cube.ide.mcu.externaltools.gnu-tools-for-stm32.9-2020-q2-update.win32_2.0.0.202105311346/tools/bin/../lib/gcc/arm-none-eabi/9.3.1/thumb/v6-m/nofp\libgcc.a(addsf3.o)
                              ./Core/Src/TJ_MPU6050.o (__aeabi_fadd)
c:/st/stm32cubeide_1.8.0/stm32cubeide/plugins/com.st.stm32cube.ide.mcu.externaltools.gnu-tools-for-stm32.9-2020-q2-update.win32_2.0.0.202105311346/tools/bin/../lib/gcc/arm-none-eabi/9.3.1/thumb/v6-m/nofp\libgcc.a(divsf3.o)
                              ./Core/Src/TJ_MPU6050.o (__aeabi_fdiv)
c:/st/stm32cubeide_1.8.0/stm32cubeide/plugins/com.st.stm32cube.ide.mcu.externaltools.gnu-tools-for-stm32.9-2020-q2-update.win32_2.0.0.202105311346/tools/bin/../lib/gcc/arm-none-eabi/9.3.1/thumb/v6-m/nofp\libgcc.a(mulsf3.o)
                              ./Core/Src/TJ_MPU6050.o (__aeabi_fmul)
c:/st/stm32cubeide_1.8.0/stm32cubeide/plugins/com.st.stm32cube.ide.mcu.externaltools.gnu-tools-for-stm32.9-2020-q2-update.win32_2.0.0.202105311346/tools/bin/../lib/gcc/arm-none-eabi/9.3.1/thumb/v6-m/nofp\libgcc.a(subsf3.o)
                              ./Core/Src/TJ_MPU6050.o (__aeabi_fsub)
[...]
Memory Configuration

Name             Origin             Length             Attributes
RAM              0x0000000020000000 0x0000000000002000 xrw
FLASH            0x0000000008000000 0x0000000000008000 xr
*default*        0x0000000000000000 0xffffffffffffffff

Linker script and memory map

LOAD c:/st/stm32cubeide_1.8.0/stm32cubeide/plugins/com.st.stm32cube.ide.mcu.externaltools.gnu-tools-for-stm32.9-2020-q2-update.win32_2.0.0.202105311346/tools/bin/../lib/gcc/arm-none-eabi/9.3.1/thumb/v6-m/nofp/crti.o
LOAD c:/st/stm32cubeide_1.8.0/stm32cubeide/plugins/com.st.stm32cube.ide.mcu.externaltools.gnu-tools-for-stm32.9-2020-q2-update.win32_2.0.0.202105311346/tools/bin/../lib/gcc/arm-none-eabi/9.3.1/thumb/v6-m/nofp/crtbegin.o
LOAD c:/st/stm32cubeide_1.8.0/stm32cubeide/plugins/com.st.stm32cube.ide.mcu.externaltools.gnu-tools-for-stm32.9-2020-q2-update.win32_2.0.0.202105311346/tools/bin/../lib/gcc/arm-none-eabi/9.3.1/../../../../arm-none-eabi/lib/thumb/v6-m/nofp/crt0.o
LOAD ./Core/Src/TJ_MPU6050.o
LOAD ./Core/Src/main.o
LOAD ./Core/Src/stm32g0xx_hal_msp.o
LOAD ./Core/Src/stm32g0xx_it.o
LOAD ./Core/Src/syscalls.o
LOAD ./Core/Src/sysmem.o
LOAD ./Core/Src/system_stm32g0xx.o
LOAD ./Core/Startup/startup_stm32g041j6mx.o
LOAD ./Drivers/STM32G0xx_HAL_Driver/Src/stm32g0xx_hal.o
LOAD ./Drivers/STM32G0xx_HAL_Driver/Src/stm32g0xx_hal_cortex.o
LOAD ./Drivers/STM32G0xx_HAL_Driver/Src/stm32g0xx_hal_dma.o
LOAD ./Drivers/STM32G0xx_HAL_Driver/Src/stm32g0xx_hal_dma_ex.o
LOAD ./Drivers/STM32G0xx_HAL_Driver/Src/stm32g0xx_hal_exti.o
LOAD ./Drivers/STM32G0xx_HAL_Driver/Src/stm32g0xx_hal_flash.o
LOAD ./Drivers/STM32G0xx_HAL_Driver/Src/stm32g0xx_hal_flash_ex.o
LOAD ./Drivers/STM32G0xx_HAL_Driver/Src/stm32g0xx_hal_gpio.o
LOAD ./Drivers/STM32G0xx_HAL_Driver/Src/stm32g0xx_hal_i2c.o
LOAD ./Drivers/STM32G0xx_HAL_Driver/Src/stm32g0xx_hal_i2c_ex.o
LOAD ./Drivers/STM32G0xx_HAL_Driver/Src/stm32g0xx_hal_pwr.o
LOAD ./Drivers/STM32G0xx_HAL_Driver/Src/stm32g0xx_hal_pwr_ex.o
LOAD ./Drivers/STM32G0xx_HAL_Driver/Src/stm32g0xx_hal_rcc.o
LOAD ./Drivers/STM32G0xx_HAL_Driver/Src/stm32g0xx_hal_rcc_ex.o
LOAD ./Drivers/STM32G0xx_HAL_Driver/Src/stm32g0xx_hal_tim.o
LOAD ./Drivers/STM32G0xx_HAL_Driver/Src/stm32g0xx_hal_tim_ex.o
LOAD ./Drivers/STM32G0xx_HAL_Driver/Src/stm32g0xx_ll_dma.o
LOAD ./Drivers/STM32G0xx_HAL_Driver/Src/stm32g0xx_ll_rcc.o
START GROUP
LOAD c:/st/stm32cubeide_1.8.0/stm32cubeide/plugins/com.st.stm32cube.ide.mcu.externaltools.gnu-tools-for-stm32.9-2020-q2-update.win32_2.0.0.202105311346/tools/bin/../lib/gcc/arm-none-eabi/9.3.1/../../../../arm-none-eabi/lib/thumb/v6-m/nofp\libc_nano.a
LOAD c:/st/stm32cubeide_1.8.0/stm32cubeide/plugins/com.st.stm32cube.ide.mcu.externaltools.gnu-tools-for-stm32.9-2020-q2-update.win32_2.0.0.202105311346/tools/bin/../lib/gcc/arm-none-eabi/9.3.1/../../../../arm-none-eabi/lib/thumb/v6-m/nofp\libm.a
END GROUP
START GROUP
LOAD c:/st/stm32cubeide_1.8.0/stm32cubeide/plugins/com.st.stm32cube.ide.mcu.externaltools.gnu-tools-for-stm32.9-2020-q2-update.win32_2.0.0.202105311346/tools/bin/../lib/gcc/arm-none-eabi/9.3.1/thumb/v6-m/nofp\libgcc.a
LOAD c:/st/stm32cubeide_1.8.0/stm32cubeide/plugins/com.st.stm32cube.ide.mcu.externaltools.gnu-tools-for-stm32.9-2020-q2-update.win32_2.0.0.202105311346/tools/bin/../lib/gcc/arm-none-eabi/9.3.1/../../../../arm-none-eabi/lib/thumb/v6-m/nofp\libc_nano.a
END GROUP
START GROUP
LOAD c:/st/stm32cubeide_1.8.0/stm32cubeide/plugins/com.st.stm32cube.ide.mcu.externaltools.gnu-tools-for-stm32.9-2020-q2-update.win32_2.0.0.202105311346/tools/bin/../lib/gcc/arm-none-eabi/9.3.1/thumb/v6-m/nofp\libgcc.a
LOAD c:/st/stm32cubeide_1.8.0/stm32cubeide/plugins/com.st.stm32cube.ide.mcu.externaltools.gnu-tools-for-stm32.9-2020-q2-update.win32_2.0.0.202105311346/tools/bin/../lib/gcc/arm-none-eabi/9.3.1/../../../../arm-none-eabi/lib/thumb/v6-m/nofp\libc_nano.a
LOAD c:/st/stm32cubeide_1.8.0/stm32cubeide/plugins/com.st.stm32cube.ide.mcu.externaltools.gnu-tools-for-stm32.9-2020-q2-update.win32_2.0.0.202105311346/tools/bin/../lib/gcc/arm-none-eabi/9.3.1/../../../../arm-none-eabi/lib/thumb/v6-m/nofp\libnosys.a
END GROUP
START GROUP
LOAD c:/st/stm32cubeide_1.8.0/stm32cubeide/plugins/com.st.stm32cube.ide.mcu.externaltools.gnu-tools-for-stm32.9-2020-q2-update.win32_2.0.0.202105311346/tools/bin/../lib/gcc/arm-none-eabi/9.3.1/thumb/v6-m/nofp\libgcc.a
LOAD c:/st/stm32cubeide_1.8.0/stm32cubeide/plugins/com.st.stm32cube.ide.mcu.externaltools.gnu-tools-for-stm32.9-2020-q2-update.win32_2.0.0.202105311346/tools/bin/../lib/gcc/arm-none-eabi/9.3.1/../../../../arm-none-eabi/lib/thumb/v6-m/nofp\libc_nano.a
LOAD c:/st/stm32cubeide_1.8.0/stm32cubeide/plugins/com.st.stm32cube.ide.mcu.externaltools.gnu-tools-for-stm32.9-2020-q2-update.win32_2.0.0.202105311346/tools/bin/../lib/gcc/arm-none-eabi/9.3.1/../../../../arm-none-eabi/lib/thumb/v6-m/nofp\libnosys.a
END GROUP
LOAD c:/st/stm32cubeide_1.8.0/stm32cubeide/plugins/com.st.stm32cube.ide.mcu.externaltools.gnu-tools-for-stm32.9-2020-q2-update.win32_2.0.0.202105311346/tools/bin/../lib/gcc/arm-none-eabi/9.3.1/thumb/v6-m/nofp/crtend.o
LOAD c:/st/stm32cubeide_1.8.0/stm32cubeide/plugins/com.st.stm32cube.ide.mcu.externaltools.gnu-tools-for-stm32.9-2020-q2-update.win32_2.0.0.202105311346/tools/bin/../lib/gcc/arm-none-eabi/9.3.1/thumb/v6-m/nofp/crtn.o
                0x0000000020002000                _estack = (ORIGIN (RAM) + LENGTH (RAM))
                0x0000000000000200                _Min_Heap_Size = 0x200
                0x0000000000000400                _Min_Stack_Size = 0x400

.isr_vector     0x0000000008000000       0xc0
                0x0000000008000000                . = ALIGN (0x4)
 *(.isr_vector)
 .isr_vector    0x0000000008000000       0xc0 ./Core/Startup/startup_stm32g041j6mx.o
                0x0000000008000000                g_pfnVectors
                0x00000000080000c0                . = ALIGN (0x4)

.text           0x00000000080000c0     0x1f7c
                0x00000000080000c0                . = ALIGN (0x4)
 *(.text)
 .text          0x00000000080000c0       0x48 c:/st/stm32cubeide_1.8.0/stm32cubeide/plugins/com.st.stm32cube.ide.mcu.externaltools.gnu-tools-for-stm32.9-2020-q2-update.win32_2.0.0.202105311346/tools/bin/../lib/gcc/arm-none-eabi/9.3.1/thumb/v6-m/nofp/crtbegin.o
 .text          0x0000000008000108      0x114 c:/st/stm32cubeide_1.8.0/stm32cubeide/plugins/com.st.stm32cube.ide.mcu.externaltools.gnu-tools-for-stm32.9-2020-q2-update.win32_2.0.0.202105311346/tools/bin/../lib/gcc/arm-none-eabi/9.3.1/thumb/v6-m/nofp\libgcc.a(_udivsi3.o)
                0x0000000008000108                __aeabi_uidiv
                0x0000000008000108                __udivsi3
                0x0000000008000214                __aeabi_uidivmod
 .text          0x000000000800021c        0x4 c:/st/stm32cubeide_1.8.0/stm32cubeide/plugins/com.st.stm32cube.ide.mcu.externaltools.gnu-tools-for-stm32.9-2020-q2-update.win32_2.0.0.202105311346/tools/bin/../lib/gcc/arm-none-eabi/9.3.1/thumb/v6-m/nofp\libgcc.a(_dvmd_tls.o)
                0x000000000800021c                __aeabi_idiv0
                0x000000000800021c                __aeabi_ldiv0
 *(.text*)
 .text.MPU6050_Init
                0x0000000008000220       0x20 ./Core/Src/TJ_MPU6050.o
                0x0000000008000220                MPU6050_Init
 .text.I2C_Write8
                0x0000000008000240       0x4c ./Core/Src/TJ_MPU6050.o
                0x0000000008000240                I2C_Write8
 .text.MPU6050_Config
                0x000000000800028c      0x178 ./Core/Src/TJ_MPU6050.o
                0x000000000800028c                MPU6050_Config
 .text.MPU6050_Set_SMPRT_DIV
                0x0000000008000404       0x20 ./Core/Src/TJ_MPU6050.o
                0x0000000008000404                MPU6050_Set_SMPRT_DIV
 .text.main     0x0000000008000424       0xb0 ./Core/Src/main.o
                0x0000000008000424                main
 .text.SystemClock_Config
                0x00000000080004d4       0xbc ./Core/Src/main.o
                0x00000000080004d4                SystemClock_Config
 .text.MX_I2C2_Init
                0x0000000008000590       0x80 ./Core/Src/main.o
 .text.MX_GPIO_Init
                0x0000000008000610       0xd4 ./Core/Src/main.o
 .text.Error_Handler
                0x00000000080006e4        0xa ./Core/Src/main.o
                0x00000000080006e4                Error_Handler
 *fill*         0x00000000080006ee        0x2 
 .text.HAL_MspInit
                0x00000000080006f0       0x48 ./Core/Src/stm32g0xx_hal_msp.o
                0x00000000080006f0                HAL_MspInit
 .text.HAL_I2C_MspInit
                0x0000000008000738       0x98 ./Core/Src/stm32g0xx_hal_msp.o
                0x0000000008000738                HAL_I2C_MspInit
 .text.NMI_Handler
                0x00000000080007d0        0x6 ./Core/Src/stm32g0xx_it.o
                0x00000000080007d0                NMI_Handler
 .text.HardFault_Handler
                0x00000000080007d6        0x6 ./Core/Src/stm32g0xx_it.o
                0x00000000080007d6                HardFault_Handler
 .text.SVC_Handler
                0x00000000080007dc        0xa ./Core/Src/stm32g0xx_it.o
                0x00000000080007dc                SVC_Handler
 .text.PendSV_Handler
                0x00000000080007e6        0xa ./Core/Src/stm32g0xx_it.o
                0x00000000080007e6                PendSV_Handler
 .text.SysTick_Handler
                0x00000000080007f0        0xe ./Core/Src/stm32g0xx_it.o
                0x00000000080007f0                SysTick_Handler
 *fill*         0x00000000080007fe        0x2 
 .text.SystemInit
                0x0000000008000800       0x18 ./Core/Src/system_stm32g0xx.o
                0x0000000008000800                SystemInit
 .text.Reset_Handler
                0x0000000008000818       0x50 ./Core/Startup/startup_stm32g041j6mx.o
                0x0000000008000818                Reset_Handler
 .text.Default_Handler
                0x0000000008000868        0x2 ./Core/Startup/startup_stm32g041j6mx.o
                0x0000000008000868                TIM1_CC_IRQHandler
                0x0000000008000868                PVD_IRQHandler
                0x0000000008000868                I2C1_IRQHandler
                0x0000000008000868                LPTIM2_IRQHandler
                0x0000000008000868                RTC_TAMP_IRQHandler
                0x0000000008000868                SPI1_IRQHandler
                0x0000000008000868                DMA1_Ch4_5_DMAMUX1_OVR_IRQHandler
                0x0000000008000868                EXTI2_3_IRQHandler
                0x0000000008000868                ADC1_IRQHandler
                0x0000000008000868                I2C2_IRQHandler
                0x0000000008000868                TIM17_IRQHandler
                0x0000000008000868                TIM16_IRQHandler
                0x0000000008000868                TIM3_IRQHandler
                0x0000000008000868                EXTI4_15_IRQHandler
                0x0000000008000868                RCC_IRQHandler
                0x0000000008000868                DMA1_Channel1_IRQHandler
                0x0000000008000868                Default_Handler
                0x0000000008000868                TIM14_IRQHandler
                0x0000000008000868                EXTI0_1_IRQHandler
                0x0000000008000868                SPI2_IRQHandler
                0x0000000008000868                AES_RNG_IRQHandler
                0x0000000008000868                WWDG_IRQHandler
                0x0000000008000868                LPUART1_IRQHandler
                0x0000000008000868                TIM2_IRQHandler
                0x0000000008000868                DMA1_Channel2_3_IRQHandler
                0x0000000008000868                USART2_IRQHandler
                0x0000000008000868                FLASH_IRQHandler
                0x0000000008000868                USART1_IRQHandler
                0x0000000008000868                TIM1_BRK_UP_TRG_COM_IRQHandler
                0x0000000008000868                LPTIM1_IRQHandler
 *fill*         0x000000000800086a        0x2 
 .text.HAL_Init
                0x000000000800086c       0x40 ./Drivers/STM32G0xx_HAL_Driver/Src/stm32g0xx_hal.o
                0x000000000800086c                HAL_Init
 .text.HAL_InitTick
                0x00000000080008ac       0x94 ./Drivers/STM32G0xx_HAL_Driver/Src/stm32g0xx_hal.o
                0x00000000080008ac                HAL_InitTick
 .text.HAL_IncTick
                0x0000000008000940       0x24 ./Drivers/STM32G0xx_HAL_Driver/Src/stm32g0xx_hal.o
                0x0000000008000940                HAL_IncTick
 .text.HAL_GetTick
                0x0000000008000964       0x14 ./Drivers/STM32G0xx_HAL_Driver/Src/stm32g0xx_hal.o
                0x0000000008000964                HAL_GetTick
 .text.HAL_Delay
                0x0000000008000978       0x48 ./Drivers/STM32G0xx_HAL_Driver/Src/stm32g0xx_hal.o
                0x0000000008000978                HAL_Delay
 .text.__NVIC_SetPriority
                0x00000000080009c0       0xdc ./Drivers/STM32G0xx_HAL_Driver/Src/stm32g0xx_hal_cortex.o
 .text.SysTick_Config
                0x0000000008000a9c       0x48 ./Drivers/STM32G0xx_HAL_Driver/Src/stm32g0xx_hal_cortex.o
 .text.HAL_NVIC_SetPriority
                0x0000000008000ae4       0x2a ./Drivers/STM32G0xx_HAL_Driver/Src/stm32g0xx_hal_cortex.o
                0x0000000008000ae4                HAL_NVIC_SetPriority
 .text.HAL_SYSTICK_Config
                0x0000000008000b0e       0x1a ./Drivers/STM32G0xx_HAL_Driver/Src/stm32g0xx_hal_cortex.o
                0x0000000008000b0e                HAL_SYSTICK_Config
 .text.HAL_GPIO_Init
                0x0000000008000b28      0x2c8 ./Drivers/STM32G0xx_HAL_Driver/Src/stm32g0xx_hal_gpio.o
                0x0000000008000b28                HAL_GPIO_Init
 .text.HAL_GPIO_WritePin
                0x0000000008000df0       0x3a ./Drivers/STM32G0xx_HAL_Driver/Src/stm32g0xx_hal_gpio.o
                0x0000000008000df0                HAL_GPIO_WritePin
 .text.HAL_GPIO_TogglePin
                0x0000000008000e2a       0x36 ./Drivers/STM32G0xx_HAL_Driver/Src/stm32g0xx_hal_gpio.o
                0x0000000008000e2a                HAL_GPIO_TogglePin
 .text.HAL_I2C_Init
                0x0000000008000e60      0x12c ./Drivers/STM32G0xx_HAL_Driver/Src/stm32g0xx_hal_i2c.o
                0x0000000008000e60                HAL_I2C_Init
 .text.HAL_I2C_Master_Transmit
                0x0000000008000f8c      0x210 ./Drivers/STM32G0xx_HAL_Driver/Src/stm32g0xx_hal_i2c.o
                0x0000000008000f8c                HAL_I2C_Master_Transmit
 .text.I2C_Flush_TXDR
                0x000000000800119c       0x44 ./Drivers/STM32G0xx_HAL_Driver/Src/stm32g0xx_hal_i2c.o
 .text.I2C_WaitOnFlagUntilTimeout
                0x00000000080011e0       0x7e ./Drivers/STM32G0xx_HAL_Driver/Src/stm32g0xx_hal_i2c.o
 .text.I2C_WaitOnTXISFlagUntilTimeout
                0x000000000800125e       0x7e ./Drivers/STM32G0xx_HAL_Driver/Src/stm32g0xx_hal_i2c.o
 .text.I2C_WaitOnSTOPFlagUntilTimeout
                0x00000000080012dc       0x78 ./Drivers/STM32G0xx_HAL_Driver/Src/stm32g0xx_hal_i2c.o
 .text.I2C_IsAcknowledgeFailed
                0x0000000008001354       0xf4 ./Drivers/STM32G0xx_HAL_Driver/Src/stm32g0xx_hal_i2c.o
 .text.I2C_TransferConfig
                0x0000000008001448       0x6c ./Drivers/STM32G0xx_HAL_Driver/Src/stm32g0xx_hal_i2c.o
 .text.HAL_I2CEx_ConfigAnalogFilter
                0x00000000080014b4       0x98 ./Drivers/STM32G0xx_HAL_Driver/Src/stm32g0xx_hal_i2c_ex.o
                0x00000000080014b4                HAL_I2CEx_ConfigAnalogFilter
 .text.HAL_I2CEx_ConfigDigitalFilter
                0x000000000800154c       0x98 ./Drivers/STM32G0xx_HAL_Driver/Src/stm32g0xx_hal_i2c_ex.o
                0x000000000800154c                HAL_I2CEx_ConfigDigitalFilter
 .text.HAL_PWREx_ControlVoltageScaling
                0x00000000080015e4       0x80 ./Drivers/STM32G0xx_HAL_Driver/Src/stm32g0xx_hal_pwr_ex.o
                0x00000000080015e4                HAL_PWREx_ControlVoltageScaling
 .text.HAL_RCC_OscConfig
                0x0000000008001664      0x640 ./Drivers/STM32G0xx_HAL_Driver/Src/stm32g0xx_hal_rcc.o
                0x0000000008001664                HAL_RCC_OscConfig
 .text.HAL_RCC_ClockConfig
                0x0000000008001ca4      0x210 ./Drivers/STM32G0xx_HAL_Driver/Src/stm32g0xx_hal_rcc.o
                0x0000000008001ca4                HAL_RCC_ClockConfig
 .text.HAL_RCC_GetSysClockFreq
                0x0000000008001eb4      0x104 ./Drivers/STM32G0xx_HAL_Driver/Src/stm32g0xx_hal_rcc.o
                0x0000000008001eb4                HAL_RCC_GetSysClockFreq
 .text.__libc_init_array
                0x0000000008001fb8       0x48 c:/st/stm32cubeide_1.8.0/stm32cubeide/plugins/com.st.stm32cube.ide.mcu.externaltools.gnu-tools-for-stm32.9-2020-q2-update.win32_2.0.0.202105311346/tools/bin/../lib/gcc/arm-none-eabi/9.3.1/../../../../arm-none-eabi/lib/thumb/v6-m/nofp\libc_nano.a(lib_a-init.o)
                0x0000000008001fb8                __libc_init_array
 .text.memcpy   0x0000000008002000       0x12 c:/st/stm32cubeide_1.8.0/stm32cubeide/plugins/com.st.stm32cube.ide.mcu.externaltools.gnu-tools-for-stm32.9-2020-q2-update.win32_2.0.0.202105311346/tools/bin/../lib/gcc/arm-none-eabi/9.3.1/../../../../arm-none-eabi/lib/thumb/v6-m/nofp\libc_nano.a(lib_a-memcpy-stub.o)
                0x0000000008002000                memcpy
 .text.memset   0x0000000008002012       0x10 c:/st/stm32cubeide_1.8.0/stm32cubeide/plugins/com.st.stm32cube.ide.mcu.externaltools.gnu-tools-for-stm32.9-2020-q2-update.win32_2.0.0.202105311346/tools/bin/../lib/gcc/arm-none-eabi/9.3.1/../../../../arm-none-eabi/lib/thumb/v6-m/nofp\libc_nano.a(lib_a-memset.o)
                0x0000000008002012                memset
 *(.glue_7)
 .glue_7        0x0000000008002022        0x0 linker stubs
 *(.glue_7t)
 .glue_7t       0x0000000008002022        0x0 linker stubs
 *(.eh_frame)
 *fill*         0x0000000008002022        0x2 
 .eh_frame      0x0000000008002024        0x0 c:/st/stm32cubeide_1.8.0/stm32cubeide/plugins/com.st.stm32cube.ide.mcu.externaltools.gnu-tools-for-stm32.9-2020-q2-update.win32_2.0.0.202105311346/tools/bin/../lib/gcc/arm-none-eabi/9.3.1/thumb/v6-m/nofp/crtbegin.o
 *(.init)
 .init          0x0000000008002024        0x4 c:/st/stm32cubeide_1.8.0/stm32cubeide/plugins/com.st.stm32cube.ide.mcu.externaltools.gnu-tools-for-stm32.9-2020-q2-update.win32_2.0.0.202105311346/tools/bin/../lib/gcc/arm-none-eabi/9.3.1/thumb/v6-m/nofp/crti.o
                0x0000000008002024                _init
 .init          0x0000000008002028        0x8 c:/st/stm32cubeide_1.8.0/stm32cubeide/plugins/com.st.stm32cube.ide.mcu.externaltools.gnu-tools-for-stm32.9-2020-q2-update.win32_2.0.0.202105311346/tools/bin/../lib/gcc/arm-none-eabi/9.3.1/thumb/v6-m/nofp/crtn.o
 *(.fini)
 .fini          0x0000000008002030        0x4 c:/st/stm32cubeide_1.8.0/stm32cubeide/plugins/com.st.stm32cube.ide.mcu.externaltools.gnu-tools-for-stm32.9-2020-q2-update.win32_2.0.0.202105311346/tools/bin/../lib/gcc/arm-none-eabi/9.3.1/thumb/v6-m/nofp/crti.o
                0x0000000008002030                _fini
 .fini          0x0000000008002034        0x8 c:/st/stm32cubeide_1.8.0/stm32cubeide/plugins/com.st.stm32cube.ide.mcu.externaltools.gnu-tools-for-stm32.9-2020-q2-update.win32_2.0.0.202105311346/tools/bin/../lib/gcc/arm-none-eabi/9.3.1/thumb/v6-m/nofp/crtn.o
                0x000000000800203c                . = ALIGN (0x4)
                0x000000000800203c                _etext = .

.vfp11_veneer   0x000000000800203c        0x0
 .vfp11_veneer  0x000000000800203c        0x0 linker stubs

.v4_bx          0x000000000800203c        0x0
 .v4_bx         0x000000000800203c        0x0 linker stubs

.iplt           0x000000000800203c        0x0
 .iplt          0x000000000800203c        0x0 c:/st/stm32cubeide_1.8.0/stm32cubeide/plugins/com.st.stm32cube.ide.mcu.externaltools.gnu-tools-for-stm32.9-2020-q2-update.win32_2.0.0.202105311346/tools/bin/../lib/gcc/arm-none-eabi/9.3.1/thumb/v6-m/nofp/crtbegin.o

.rodata         0x000000000800203c       0x40
                0x000000000800203c                . = ALIGN (0x4)
 *(.rodata)
 *(.rodata*)
 .rodata.AHBPrescTable
                0x000000000800203c       0x40 ./Core/Src/system_stm32g0xx.o
                0x000000000800203c                AHBPrescTable
                0x000000000800207c                . = ALIGN (0x4)

.rel.dyn        0x000000000800207c        0x0
 .rel.iplt      0x000000000800207c        0x0 c:/st/stm32cubeide_1.8.0/stm32cubeide/plugins/com.st.stm32cube.ide.mcu.externaltools.gnu-tools-for-stm32.9-2020-q2-update.win32_2.0.0.202105311346/tools/bin/../lib/gcc/arm-none-eabi/9.3.1/thumb/v6-m/nofp/crtbegin.o

.ARM.extab      0x000000000800207c        0x0
                0x000000000800207c                . = ALIGN (0x4)
 *(.ARM.extab* .gnu.linkonce.armextab.*)
                0x000000000800207c                . = ALIGN (0x4)

.ARM            0x000000000800207c        0x0
                0x000000000800207c                . = ALIGN (0x4)
                0x000000000800207c                __exidx_start = .
 *(.ARM.exidx*)
                0x000000000800207c                __exidx_end = .
                0x000000000800207c                . = ALIGN (0x4)

.preinit_array  0x000000000800207c        0x0
                0x000000000800207c                . = ALIGN (0x4)
                0x000000000800207c                PROVIDE (__preinit_array_start = .)
 *(.preinit_array*)
                0x000000000800207c                PROVIDE (__preinit_array_end = .)
                0x000000000800207c                . = ALIGN (0x4)

.init_array     0x000000000800207c        0x4
                0x000000000800207c                . = ALIGN (0x4)
                0x000000000800207c                PROVIDE (__init_array_start = .)
 *(SORT_BY_NAME(.init_array.*))
 *(.init_array*)
 .init_array    0x000000000800207c        0x4 c:/st/stm32cubeide_1.8.0/stm32cubeide/plugins/com.st.stm32cube.ide.mcu.externaltools.gnu-tools-for-stm32.9-2020-q2-update.win32_2.0.0.202105311346/tools/bin/../lib/gcc/arm-none-eabi/9.3.1/thumb/v6-m/nofp/crtbegin.o
                0x0000000008002080                PROVIDE (__init_array_end = .)
                0x0000000008002080                . = ALIGN (0x4)

.fini_array     0x0000000008002080        0x4
                0x0000000008002080                . = ALIGN (0x4)
                [!provide]                        PROVIDE (__fini_array_start = .)
 *(SORT_BY_NAME(.fini_array.*))
 *(.fini_array*)
 .fini_array    0x0000000008002080        0x4 c:/st/stm32cubeide_1.8.0/stm32cubeide/plugins/com.st.stm32cube.ide.mcu.externaltools.gnu-tools-for-stm32.9-2020-q2-update.win32_2.0.0.202105311346/tools/bin/../lib/gcc/arm-none-eabi/9.3.1/thumb/v6-m/nofp/crtbegin.o
                [!provide]                        PROVIDE (__fini_array_end = .)
                0x0000000008002084                . = ALIGN (0x4)
                0x0000000008002084                _sidata = LOADADDR (.data)

.data           0x0000000020000000        0xc load address 0x0000000008002084
                0x0000000020000000                . = ALIGN (0x4)
                0x0000000020000000                _sdata = .
 *(.data)
 *(.data*)
 .data.SystemCoreClock
                0x0000000020000000        0x4 ./Core/Src/system_stm32g0xx.o
                0x0000000020000000                SystemCoreClock
 .data.uwTickPrio
                0x0000000020000004        0x4 ./Drivers/STM32G0xx_HAL_Driver/Src/stm32g0xx_hal.o
                0x0000000020000004                uwTickPrio
 .data.uwTickFreq
                0x0000000020000008        0x1 ./Drivers/STM32G0xx_HAL_Driver/Src/stm32g0xx_hal.o
                0x0000000020000008                uwTickFreq
 *(.RamFunc)
 *(.RamFunc*)
                0x000000002000000c                . = ALIGN (0x4)
 *fill*         0x0000000020000009        0x3 
                0x000000002000000c                _edata = .

.igot.plt       0x000000002000000c        0x0 load address 0x0000000008002090
 .igot.plt      0x000000002000000c        0x0 c:/st/stm32cubeide_1.8.0/stm32cubeide/plugins/com.st.stm32cube.ide.mcu.externaltools.gnu-tools-for-stm32.9-2020-q2-update.win32_2.0.0.202105311346/tools/bin/../lib/gcc/arm-none-eabi/9.3.1/thumb/v6-m/nofp/crtbegin.o
                0x000000002000000c                . = ALIGN (0x4)

.bss            0x000000002000000c       0xf4 load address 0x0000000008002090
                0x000000002000000c                _sbss = .
                0x000000002000000c                __bss_start__ = _sbss
 *(.bss)
 .bss           0x000000002000000c       0x1c c:/st/stm32cubeide_1.8.0/stm32cubeide/plugins/com.st.stm32cube.ide.mcu.externaltools.gnu-tools-for-stm32.9-2020-q2-update.win32_2.0.0.202105311346/tools/bin/../lib/gcc/arm-none-eabi/9.3.1/thumb/v6-m/nofp/crtbegin.o
 *(.bss*)
 .bss.i2cHandler
                0x0000000020000028       0x4c ./Core/Src/TJ_MPU6050.o
 .bss.accelScalingFactor
                0x0000000020000074        0x4 ./Core/Src/TJ_MPU6050.o
 .bss.gyroScalingFactor
                0x0000000020000078        0x4 ./Core/Src/TJ_MPU6050.o
 *(COMMON)
 COMMON         0x000000002000007c       0x80 ./Core/Src/main.o
                0x000000002000007c                hi2c2
                0x00000000200000c8                GyroRaw
                0x00000000200000d0                AccelCali
                0x00000000200000dc                AccelRaw
                0x00000000200000e4                GyroScaled
                0x00000000200000f0                AccelScaled
 COMMON         0x00000000200000fc        0x4 ./Drivers/STM32G0xx_HAL_Driver/Src/stm32g0xx_hal.o
                0x00000000200000fc                uwTick
                0x0000000020000100                . = ALIGN (0x4)
                0x0000000020000100                _ebss = .
                0x0000000020000100                __bss_end__ = _ebss

._user_heap_stack
                0x0000000020000100      0x600 load address 0x0000000008002090
                0x0000000020000100                . = ALIGN (0x8)
                [!provide]                        PROVIDE (end = .)
                0x0000000020000100                PROVIDE (_end = .)
                0x0000000020000300                . = (. + _Min_Heap_Size)
 *fill*         0x0000000020000100      0x200 
                0x0000000020000700                . = (. + _Min_Stack_Size)
 *fill*         0x0000000020000300      0x400 
                0x0000000020000700                . = ALIGN (0x8)

/DISCARD/
 libc.a(*)
 libm.a(*)
 libgcc.a(*)

.ARM.attributes
                0x0000000000000000       0x28
 *(.ARM.attributes)
 .ARM.attributes
                0x0000000000000000       0x1e c:/st/stm32cubeide_1.8.0/stm32cubeide/plugins/com.st.stm32cube.ide.mcu.externaltools.gnu-tools-for-stm32.9-2020-q2-update.win32_2.0.0.202105311346/tools/bin/../lib/gcc/arm-none-eabi/9.3.1/thumb/v6-m/nofp/crti.o
 .ARM.attributes
                0x000000000000001e       0x2c c:/st/stm32cubeide_1.8.0/stm32cubeide/plugins/com.st.stm32cube.ide.mcu.externaltools.gnu-tools-for-stm32.9-2020-q2-update.win32_2.0.0.202105311346/tools/bin/../lib/gcc/arm-none-eabi/9.3.1/thumb/v6-m/nofp/crtbegin.o
 .ARM.attributes
                0x000000000000004a       0x2c ./Core/Src/TJ_MPU6050.o
 .ARM.attributes
                0x0000000000000076       0x2c ./Core/Src/main.o
 .ARM.attributes
                0x00000000000000a2       0x2c ./Core/Src/stm32g0xx_hal_msp.o
 .ARM.attributes
                0x00000000000000ce       0x2c ./Core/Src/stm32g0xx_it.o
 .ARM.attributes
                0x00000000000000fa       0x2c ./Core/Src/system_stm32g0xx.o
 .ARM.attributes
                0x0000000000000126       0x22 ./Core/Startup/startup_stm32g041j6mx.o
 .ARM.attributes
                0x0000000000000148       0x2c ./Drivers/STM32G0xx_HAL_Driver/Src/stm32g0xx_hal.o
 .ARM.attributes
                0x0000000000000174       0x2c ./Drivers/STM32G0xx_HAL_Driver/Src/stm32g0xx_hal_cortex.o
 .ARM.attributes
                0x00000000000001a0       0x2c ./Drivers/STM32G0xx_HAL_Driver/Src/stm32g0xx_hal_gpio.o
 .ARM.attributes
                0x00000000000001cc       0x2c ./Drivers/STM32G0xx_HAL_Driver/Src/stm32g0xx_hal_i2c.o
 .ARM.attributes
                0x00000000000001f8       0x2c ./Drivers/STM32G0xx_HAL_Driver/Src/stm32g0xx_hal_i2c_ex.o
 .ARM.attributes
                0x0000000000000224       0x2c ./Drivers/STM32G0xx_HAL_Driver/Src/stm32g0xx_hal_pwr_ex.o
 .ARM.attributes
                0x0000000000000250       0x2c ./Drivers/STM32G0xx_HAL_Driver/Src/stm32g0xx_hal_rcc.o
 .ARM.attributes
                0x000000000000027c       0x2c c:/st/stm32cubeide_1.8.0/stm32cubeide/plugins/com.st.stm32cube.ide.mcu.externaltools.gnu-tools-for-stm32.9-2020-q2-update.win32_2.0.0.202105311346/tools/bin/../lib/gcc/arm-none-eabi/9.3.1/../../../../arm-none-eabi/lib/thumb/v6-m/nofp\libc_nano.a(lib_a-init.o)
 .ARM.attributes
                0x00000000000002a8       0x2c c:/st/stm32cubeide_1.8.0/stm32cubeide/plugins/com.st.stm32cube.ide.mcu.externaltools.gnu-tools-for-stm32.9-2020-q2-update.win32_2.0.0.202105311346/tools/bin/../lib/gcc/arm-none-eabi/9.3.1/../../../../arm-none-eabi/lib/thumb/v6-m/nofp\libc_nano.a(lib_a-memcpy-stub.o)
 .ARM.attributes
                0x00000000000002d4       0x2c c:/st/stm32cubeide_1.8.0/stm32cubeide/plugins/com.st.stm32cube.ide.mcu.externaltools.gnu-tools-for-stm32.9-2020-q2-update.win32_2.0.0.202105311346/tools/bin/../lib/gcc/arm-none-eabi/9.3.1/../../../../arm-none-eabi/lib/thumb/v6-m/nofp\libc_nano.a(lib_a-memset.o)
 .ARM.attributes
                0x0000000000000300       0x1e c:/st/stm32cubeide_1.8.0/stm32cubeide/plugins/com.st.stm32cube.ide.mcu.externaltools.gnu-tools-for-stm32.9-2020-q2-update.win32_2.0.0.202105311346/tools/bin/../lib/gcc/arm-none-eabi/9.3.1/thumb/v6-m/nofp\libgcc.a(_udivsi3.o)
 .ARM.attributes
                0x000000000000031e       0x1e c:/st/stm32cubeide_1.8.0/stm32cubeide/plugins/com.st.stm32cube.ide.mcu.externaltools.gnu-tools-for-stm32.9-2020-q2-update.win32_2.0.0.202105311346/tools/bin/../lib/gcc/arm-none-eabi/9.3.1/thumb/v6-m/nofp\libgcc.a(_dvmd_tls.o)
 .ARM.attributes
                0x000000000000033c       0x1e c:/st/stm32cubeide_1.8.0/stm32cubeide/plugins/com.st.stm32cube.ide.mcu.externaltools.gnu-tools-for-stm32.9-2020-q2-update.win32_2.0.0.202105311346/tools/bin/../lib/gcc/arm-none-eabi/9.3.1/thumb/v6-m/nofp/crtn.o
OUTPUT(STM32G0_WALKRUN.elf elf32-littlearm)
LOAD linker stubs
LOAD c:/st/stm32cubeide_1.8.0/stm32cubeide/plugins/com.st.stm32cube.ide.mcu.externaltools.gnu-tools-for-stm32.9-2020-q2-update.win32_2.0.0.202105311346/tools/bin/../lib/gcc/arm-none-eabi/9.3.1/../../../../arm-none-eabi/lib/thumb/v6-m/nofp\libc.a
LOAD c:/st/stm32cubeide_1.8.0/stm32cubeide/plugins/com.st.stm32cube.ide.mcu.externaltools.gnu-tools-for-stm32.9-2020-q2-update.win32_2.0.0.202105311346/tools/bin/../lib/gcc/arm-none-eabi/9.3.1/../../../../arm-none-eabi/lib/thumb/v6-m/nofp\libm.a
LOAD c:/st/stm32cubeide_1.8.0/stm32cubeide/plugins/com.st.stm32cube.ide.mcu.externaltools.gnu-tools-for-stm32.9-2020-q2-update.win32_2.0.0.202105311346/tools/bin/../lib/gcc/arm-none-eabi/9.3.1/thumb/v6-m/nofp\libgcc.a

.debug_info     0x0000000000000000     0xa2a4
 .debug_info    0x0000000000000000     0x1692 ./Core/Src/TJ_MPU6050.o
 .debug_info    0x0000000000001692     0x1873 ./Core/Src/main.o
 .debug_info    0x0000000000002f05      0xb91 ./Core/Src/stm32g0xx_hal_msp.o
 .debug_info    0x0000000000003a96      0x284 ./Core/Src/stm32g0xx_it.o
 .debug_info    0x0000000000003d1a      0x4fc ./Core/Src/system_stm32g0xx.o
 .debug_info    0x0000000000004216       0x22 ./Core/Startup/startup_stm32g041j6mx.o
 .debug_info    0x0000000000004238      0xb43 ./Drivers/STM32G0xx_HAL_Driver/Src/stm32g0xx_hal.o
 .debug_info    0x0000000000004d7b      0xa53 ./Drivers/STM32G0xx_HAL_Driver/Src/stm32g0xx_hal_cortex.o
 .debug_info    0x00000000000057ce      0x729 ./Drivers/STM32G0xx_HAL_Driver/Src/stm32g0xx_hal_gpio.o
 .debug_info    0x0000000000005ef7     0x2315 ./Drivers/STM32G0xx_HAL_Driver/Src/stm32g0xx_hal_i2c.o
 .debug_info    0x000000000000820c      0xb90 ./Drivers/STM32G0xx_HAL_Driver/Src/stm32g0xx_hal_i2c_ex.o
 .debug_info    0x0000000000008d9c      0x8ff ./Drivers/STM32G0xx_HAL_Driver/Src/stm32g0xx_hal_pwr_ex.o
 .debug_info    0x000000000000969b      0xc09 ./Drivers/STM32G0xx_HAL_Driver/Src/stm32g0xx_hal_rcc.o

.debug_abbrev   0x0000000000000000     0x1998
 .debug_abbrev  0x0000000000000000      0x257 ./Core/Src/TJ_MPU6050.o
 .debug_abbrev  0x0000000000000257      0x2e1 ./Core/Src/main.o
 .debug_abbrev  0x0000000000000538      0x1b7 ./Core/Src/stm32g0xx_hal_msp.o
 .debug_abbrev  0x00000000000006ef      0x103 ./Core/Src/stm32g0xx_it.o
 .debug_abbrev  0x00000000000007f2      0x165 ./Core/Src/system_stm32g0xx.o
 .debug_abbrev  0x0000000000000957       0x12 ./Core/Startup/startup_stm32g041j6mx.o
 .debug_abbrev  0x0000000000000969      0x276 ./Drivers/STM32G0xx_HAL_Driver/Src/stm32g0xx_hal.o
 .debug_abbrev  0x0000000000000bdf      0x2c5 ./Drivers/STM32G0xx_HAL_Driver/Src/stm32g0xx_hal_cortex.o
 .debug_abbrev  0x0000000000000ea4      0x1df ./Drivers/STM32G0xx_HAL_Driver/Src/stm32g0xx_hal_gpio.o
 .debug_abbrev  0x0000000000001083      0x278 ./Drivers/STM32G0xx_HAL_Driver/Src/stm32g0xx_hal_i2c.o
 .debug_abbrev  0x00000000000012fb      0x1fd ./Drivers/STM32G0xx_HAL_Driver/Src/stm32g0xx_hal_i2c_ex.o
 .debug_abbrev  0x00000000000014f8      0x245 ./Drivers/STM32G0xx_HAL_Driver/Src/stm32g0xx_hal_pwr_ex.o
 .debug_abbrev  0x000000000000173d      0x25b ./Drivers/STM32G0xx_HAL_Driver/Src/stm32g0xx_hal_rcc.o

.debug_aranges  0x0000000000000000      0x850
 .debug_aranges
                0x0000000000000000       0x88 ./Core/Src/TJ_MPU6050.o
 .debug_aranges
                0x0000000000000088       0x40 ./Core/Src/main.o
 .debug_aranges
                0x00000000000000c8       0x30 ./Core/Src/stm32g0xx_hal_msp.o
 .debug_aranges
                0x00000000000000f8       0x40 ./Core/Src/stm32g0xx_it.o
 .debug_aranges
                0x0000000000000138       0x28 ./Core/Src/system_stm32g0xx.o
 .debug_aranges
                0x0000000000000160       0x28 ./Core/Startup/startup_stm32g041j6mx.o
 .debug_aranges
                0x0000000000000188      0x128 ./Drivers/STM32G0xx_HAL_Driver/Src/stm32g0xx_hal.o
 .debug_aranges
                0x00000000000002b0       0xd8 ./Drivers/STM32G0xx_HAL_Driver/Src/stm32g0xx_hal_cortex.o
 .debug_aranges
                0x0000000000000388       0x60 ./Drivers/STM32G0xx_HAL_Driver/Src/stm32g0xx_hal_gpio.o
 .debug_aranges
                0x00000000000003e8      0x290 ./Drivers/STM32G0xx_HAL_Driver/Src/stm32g0xx_hal_i2c.o
 .debug_aranges
                0x0000000000000678       0x48 ./Drivers/STM32G0xx_HAL_Driver/Src/stm32g0xx_hal_i2c_ex.o
 .debug_aranges
                0x00000000000006c0       0xf0 ./Drivers/STM32G0xx_HAL_Driver/Src/stm32g0xx_hal_pwr_ex.o
 .debug_aranges
                0x00000000000007b0       0xa0 ./Drivers/STM32G0xx_HAL_Driver/Src/stm32g0xx_hal_rcc.o

.debug_ranges   0x0000000000000000      0x788
 .debug_ranges  0x0000000000000000       0x78 ./Core/Src/TJ_MPU6050.o
 .debug_ranges  0x0000000000000078       0x30 ./Core/Src/main.o
 .debug_ranges  0x00000000000000a8       0x20 ./Core/Src/stm32g0xx_hal_msp.o
 .debug_ranges  0x00000000000000c8       0x30 ./Core/Src/stm32g0xx_it.o
 .debug_ranges  0x00000000000000f8       0x18 ./Core/Src/system_stm32g0xx.o
 .debug_ranges  0x0000000000000110       0x20 ./Core/Startup/startup_stm32g041j6mx.o
 .debug_ranges  0x0000000000000130      0x118 ./Drivers/STM32G0xx_HAL_Driver/Src/stm32g0xx_hal.o
 .debug_ranges  0x0000000000000248       0xc8 ./Drivers/STM32G0xx_HAL_Driver/Src/stm32g0xx_hal_cortex.o
 .debug_ranges  0x0000000000000310       0x50 ./Drivers/STM32G0xx_HAL_Driver/Src/stm32g0xx_hal_gpio.o
 .debug_ranges  0x0000000000000360      0x280 ./Drivers/STM32G0xx_HAL_Driver/Src/stm32g0xx_hal_i2c.o
 .debug_ranges  0x00000000000005e0       0x38 ./Drivers/STM32G0xx_HAL_Driver/Src/stm32g0xx_hal_i2c_ex.o
 .debug_ranges  0x0000000000000618       0xe0 ./Drivers/STM32G0xx_HAL_Driver/Src/stm32g0xx_hal_pwr_ex.o
 .debug_ranges  0x00000000000006f8       0x90 ./Drivers/STM32G0xx_HAL_Driver/Src/stm32g0xx_hal_rcc.o

.debug_macro    0x0000000000000000    0x158c3
 .debug_macro   0x0000000000000000      0x2c3 ./Core/Src/TJ_MPU6050.o
 .debug_macro   0x00000000000002c3      0xa7e ./Core/Src/TJ_MPU6050.o
 .debug_macro   0x0000000000000d41      0x117 ./Core/Src/TJ_MPU6050.o
 .debug_macro   0x0000000000000e58       0x2e ./Core/Src/TJ_MPU6050.o
 .debug_macro   0x0000000000000e86       0x28 ./Core/Src/TJ_MPU6050.o
 .debug_macro   0x0000000000000eae       0x22 ./Core/Src/TJ_MPU6050.o
 .debug_macro   0x0000000000000ed0       0x8e ./Core/Src/TJ_MPU6050.o
 .debug_macro   0x0000000000000f5e       0x51 ./Core/Src/TJ_MPU6050.o
 .debug_macro   0x0000000000000faf      0x103 ./Core/Src/TJ_MPU6050.o
 .debug_macro   0x00000000000010b2       0x6a ./Core/Src/TJ_MPU6050.o
 .debug_macro   0x000000000000111c      0x1df ./Core/Src/TJ_MPU6050.o
 .debug_macro   0x00000000000012fb       0x1c ./Core/Src/TJ_MPU6050.o
 .debug_macro   0x0000000000001317       0x22 ./Core/Src/TJ_MPU6050.o
 .debug_macro   0x0000000000001339       0xd7 ./Core/Src/TJ_MPU6050.o
 .debug_macro   0x0000000000001410      0x4da ./Core/Src/TJ_MPU6050.o
 .debug_macro   0x00000000000018ea      0x11f ./Core/Src/TJ_MPU6050.o
 .debug_macro   0x0000000000001a09     0xaf20 ./Core/Src/TJ_MPU6050.o
 .debug_macro   0x000000000000c929       0x66 ./Core/Src/TJ_MPU6050.o
 .debug_macro   0x000000000000c98f     0x34e5 ./Core/Src/TJ_MPU6050.o
 .debug_macro   0x000000000000fe74      0x174 ./Core/Src/TJ_MPU6050.o
 .debug_macro   0x000000000000ffe8       0x5c ./Core/Src/TJ_MPU6050.o
 .debug_macro   0x0000000000010044      0x588 ./Core/Src/TJ_MPU6050.o
 .debug_macro   0x00000000000105cc      0xfb0 ./Core/Src/TJ_MPU6050.o
 .debug_macro   0x000000000001157c      0x241 ./Core/Src/TJ_MPU6050.o
 .debug_macro   0x00000000000117bd      0x1d0 ./Core/Src/TJ_MPU6050.o
 .debug_macro   0x000000000001198d      0x122 ./Core/Src/TJ_MPU6050.o
 .debug_macro   0x0000000000011aaf      0x39e ./Core/Src/TJ_MPU6050.o
 .debug_macro   0x0000000000011e4d      0x202 ./Core/Src/TJ_MPU6050.o
 .debug_macro   0x000000000001204f      0x30d ./Core/Src/TJ_MPU6050.o
 .debug_macro   0x000000000001235c      0x1b2 ./Core/Src/TJ_MPU6050.o
 .debug_macro   0x000000000001250e       0x43 ./Core/Src/TJ_MPU6050.o
 .debug_macro   0x0000000000012551      0x1f1 ./Core/Src/TJ_MPU6050.o
 .debug_macro   0x0000000000012742      0x1d7 ./Core/Src/TJ_MPU6050.o
 .debug_macro   0x0000000000012919      0x38a ./Core/Src/TJ_MPU6050.o
 .debug_macro   0x0000000000012ca3       0x28 ./Core/Src/TJ_MPU6050.o
 .debug_macro   0x0000000000012ccb       0xe4 ./Core/Src/TJ_MPU6050.o
 .debug_macro   0x0000000000012daf      0x22c ./Core/Src/TJ_MPU6050.o
 .debug_macro   0x0000000000012fdb       0x67 ./Core/Src/TJ_MPU6050.o
 .debug_macro   0x0000000000013042       0xa5 ./Core/Src/TJ_MPU6050.o
 .debug_macro   0x00000000000130e7      0x10c ./Core/Src/TJ_MPU6050.o
 .debug_macro   0x00000000000131f3      0x240 ./Core/Src/TJ_MPU6050.o
 .debug_macro   0x0000000000013433      0x4ab ./Core/Src/TJ_MPU6050.o
 .debug_macro   0x00000000000138de       0x52 ./Core/Src/TJ_MPU6050.o
 .debug_macro   0x0000000000013930       0x18 ./Core/Src/TJ_MPU6050.o
 .debug_macro   0x0000000000013948       0x3c ./Core/Src/TJ_MPU6050.o
 .debug_macro   0x0000000000013984       0x34 ./Core/Src/TJ_MPU6050.o
 .debug_macro   0x00000000000139b8       0x16 ./Core/Src/TJ_MPU6050.o
 .debug_macro   0x00000000000139ce       0x43 ./Core/Src/TJ_MPU6050.o
 .debug_macro   0x0000000000013a11       0x34 ./Core/Src/TJ_MPU6050.o
 .debug_macro   0x0000000000013a45       0x10 ./Core/Src/TJ_MPU6050.o
 .debug_macro   0x0000000000013a55       0x58 ./Core/Src/TJ_MPU6050.o
 .debug_macro   0x0000000000013aad       0x71 ./Core/Src/TJ_MPU6050.o
 .debug_macro   0x0000000000013b1e       0x1c ./Core/Src/TJ_MPU6050.o
 .debug_macro   0x0000000000013b3a      0x12a ./Core/Src/TJ_MPU6050.o
 .debug_macro   0x0000000000013c64      0x333 ./Core/Src/TJ_MPU6050.o
 .debug_macro   0x0000000000013f97       0x10 ./Core/Src/TJ_MPU6050.o
 .debug_macro   0x0000000000013fa7       0x35 ./Core/Src/TJ_MPU6050.o
 .debug_macro   0x0000000000013fdc       0x20 ./Core/Src/TJ_MPU6050.o
 .debug_macro   0x0000000000013ffc       0x22 ./Core/Src/TJ_MPU6050.o
 .debug_macro   0x000000000001401e      0x1a9 ./Core/Src/TJ_MPU6050.o
 .debug_macro   0x00000000000141c7       0x6a ./Core/Src/TJ_MPU6050.o
 .debug_macro   0x0000000000014231      0x2d2 ./Core/Src/main.o
 .debug_macro   0x0000000000014503       0x1c ./Core/Src/main.o
 .debug_macro   0x000000000001451f      0x1df ./Core/Src/stm32g0xx_hal_msp.o
 .debug_macro   0x00000000000146fe      0x1e9 ./Core/Src/stm32g0xx_it.o
 .debug_macro   0x00000000000148e7      0x1d6 ./Core/Src/system_stm32g0xx.o
 .debug_macro   0x0000000000014abd      0x1f4 ./Drivers/STM32G0xx_HAL_Driver/Src/stm32g0xx_hal.o
 .debug_macro   0x0000000000014cb1      0x1d0 ./Drivers/STM32G0xx_HAL_Driver/Src/stm32g0xx_hal_cortex.o
 .debug_macro   0x0000000000014e81      0x1d7 ./Drivers/STM32G0xx_HAL_Driver/Src/stm32g0xx_hal_gpio.o
 .debug_macro   0x0000000000015058      0x295 ./Drivers/STM32G0xx_HAL_Driver/Src/stm32g0xx_hal_i2c.o
 .debug_macro   0x00000000000152ed      0x1d0 ./Drivers/STM32G0xx_HAL_Driver/Src/stm32g0xx_hal_i2c_ex.o
 .debug_macro   0x00000000000154bd      0x1fa ./Drivers/STM32G0xx_HAL_Driver/Src/stm32g0xx_hal_pwr_ex.o
 .debug_macro   0x00000000000156b7      0x20c ./Drivers/STM32G0xx_HAL_Driver/Src/stm32g0xx_hal_rcc.o

.debug_line     0x0000000000000000     0xb117
 .debug_line    0x0000000000000000      0xc98 ./Core/Src/TJ_MPU6050.o
 .debug_line    0x0000000000000c98      0xb0a ./Core/Src/main.o
 .debug_line    0x00000000000017a2      0x892 ./Core/Src/stm32g0xx_hal_msp.o
 .debug_line    0x0000000000002034      0x8a8 ./Core/Src/stm32g0xx_it.o
 .debug_line    0x00000000000028dc      0x8be ./Core/Src/system_stm32g0xx.o
 .debug_line    0x000000000000319a       0x89 ./Core/Startup/startup_stm32g041j6mx.o
 .debug_line    0x0000000000003223      0xc04 ./Drivers/STM32G0xx_HAL_Driver/Src/stm32g0xx_hal.o
 .debug_line    0x0000000000003e27      0xc6d ./Drivers/STM32G0xx_HAL_Driver/Src/stm32g0xx_hal_cortex.o
 .debug_line    0x0000000000004a94      0xc57 ./Drivers/STM32G0xx_HAL_Driver/Src/stm32g0xx_hal_gpio.o
 .debug_line    0x00000000000056eb     0x33f2 ./Drivers/STM32G0xx_HAL_Driver/Src/stm32g0xx_hal_i2c.o
 .debug_line    0x0000000000008add      0xa61 ./Drivers/STM32G0xx_HAL_Driver/Src/stm32g0xx_hal_i2c_ex.o
 .debug_line    0x000000000000953e      0xbc5 ./Drivers/STM32G0xx_HAL_Driver/Src/stm32g0xx_hal_pwr_ex.o
 .debug_line    0x000000000000a103     0x1014 ./Drivers/STM32G0xx_HAL_Driver/Src/stm32g0xx_hal_rcc.o

.debug_str      0x0000000000000000    0x875b9
 .debug_str     0x0000000000000000    0x84fdf ./Core/Src/TJ_MPU6050.o
                                      0x85670 (size before relaxing)
 .debug_str     0x0000000000084fdf      0x447 ./Core/Src/main.o
                                      0x85828 (size before relaxing)
 .debug_str     0x0000000000085426       0x53 ./Core/Src/stm32g0xx_hal_msp.o
                                      0x818b4 (size before relaxing)
 .debug_str     0x0000000000085479       0x76 ./Core/Src/stm32g0xx_it.o
                                      0x81241 (size before relaxing)
 .debug_str     0x00000000000854ef       0x9c ./Core/Src/system_stm32g0xx.o
                                      0x812be (size before relaxing)
 .debug_str     0x000000000008558b       0x36 ./Core/Startup/startup_stm32g041j6mx.o
                                         0x88 (size before relaxing)
 .debug_str     0x00000000000855c1      0x6b1 ./Drivers/STM32G0xx_HAL_Driver/Src/stm32g0xx_hal.o
                                      0x819cd (size before relaxing)
 .debug_str     0x0000000000085c72      0x2a7 ./Drivers/STM32G0xx_HAL_Driver/Src/stm32g0xx_hal_cortex.o
                                      0x8170c (size before relaxing)
 .debug_str     0x0000000000085f19      0x180 ./Drivers/STM32G0xx_HAL_Driver/Src/stm32g0xx_hal_gpio.o
                                      0x813e5 (size before relaxing)
 .debug_str     0x0000000000086099      0xd4b ./Drivers/STM32G0xx_HAL_Driver/Src/stm32g0xx_hal_i2c.o
                                      0x8256f (size before relaxing)
 .debug_str     0x0000000000086de4       0xb8 ./Drivers/STM32G0xx_HAL_Driver/Src/stm32g0xx_hal_i2c_ex.o
                                      0x818cc (size before relaxing)
 .debug_str     0x0000000000086e9c      0x3ab ./Drivers/STM32G0xx_HAL_Driver/Src/stm32g0xx_hal_pwr_ex.o
                                      0x81719 (size before relaxing)
 .debug_str     0x0000000000087247      0x372 ./Drivers/STM32G0xx_HAL_Driver/Src/stm32g0xx_hal_rcc.o
                                      0x81875 (size before relaxing)

.comment        0x0000000000000000       0x53
 .comment       0x0000000000000000       0x53 ./Core/Src/TJ_MPU6050.o
                                         0x54 (size before relaxing)
 .comment       0x0000000000000053       0x54 ./Core/Src/main.o
 .comment       0x0000000000000053       0x54 ./Core/Src/stm32g0xx_hal_msp.o
 .comment       0x0000000000000053       0x54 ./Core/Src/stm32g0xx_it.o
 .comment       0x0000000000000053       0x54 ./Core/Src/system_stm32g0xx.o
 .comment       0x0000000000000053       0x54 ./Drivers/STM32G0xx_HAL_Driver/Src/stm32g0xx_hal.o
 .comment       0x0000000000000053       0x54 ./Drivers/STM32G0xx_HAL_Driver/Src/stm32g0xx_hal_cortex.o
 .comment       0x0000000000000053       0x54 ./Drivers/STM32G0xx_HAL_Driver/Src/stm32g0xx_hal_gpio.o
 .comment       0x0000000000000053       0x54 ./Drivers/STM32G0xx_HAL_Driver/Src/stm32g0xx_hal_i2c.o
 .comment       0x0000000000000053       0x54 ./Drivers/STM32G0xx_HAL_Driver/Src/stm32g0xx_hal_i2c_ex.o
 .comment       0x0000000000000053       0x54 ./Drivers/STM32G0xx_HAL_Driver/Src/stm32g0xx_hal_pwr_ex.o
 .comment       0x0000000000000053       0x54 ./Drivers/STM32G0xx_HAL_Driver/Src/stm32g0xx_hal_rcc.o

.debug_frame    0x0000000000000000     0x1cc0
 .debug_frame   0x0000000000000000      0x1d0 ./Core/Src/TJ_MPU6050.o
 .debug_frame   0x00000000000001d0       0xa8 ./Core/Src/main.o
 .debug_frame   0x0000000000000278       0x70 ./Core/Src/stm32g0xx_hal_msp.o
 .debug_frame   0x00000000000002e8       0x9c ./Core/Src/stm32g0xx_it.o
 .debug_frame   0x0000000000000384       0x4c ./Core/Src/system_stm32g0xx.o
 .debug_frame   0x00000000000003d0      0x3fc ./Drivers/STM32G0xx_HAL_Driver/Src/stm32g0xx_hal.o
 .debug_frame   0x00000000000007cc      0x2fc ./Drivers/STM32G0xx_HAL_Driver/Src/stm32g0xx_hal_cortex.o
 .debug_frame   0x0000000000000ac8      0x130 ./Drivers/STM32G0xx_HAL_Driver/Src/stm32g0xx_hal_gpio.o
 .debug_frame   0x0000000000000bf8      0xa24 ./Drivers/STM32G0xx_HAL_Driver/Src/stm32g0xx_hal_i2c.o
 .debug_frame   0x000000000000161c       0xd0 ./Drivers/STM32G0xx_HAL_Driver/Src/stm32g0xx_hal_i2c_ex.o
 .debug_frame   0x00000000000016ec      0x32c ./Drivers/STM32G0xx_HAL_Driver/Src/stm32g0xx_hal_pwr_ex.o
 .debug_frame   0x0000000000001a18      0x214 ./Drivers/STM32G0xx_HAL_Driver/Src/stm32g0xx_hal_rcc.o
 .debug_frame   0x0000000000001c2c       0x2c c:/st/stm32cubeide_1.8.0/stm32cubeide/plugins/com.st.stm32cube.ide.mcu.externaltools.gnu-tools-for-stm32.9-2020-q2-update.win32_2.0.0.202105311346/tools/bin/../lib/gcc/arm-none-eabi/9.3.1/../../../../arm-none-eabi/lib/thumb/v6-m/nofp\libc_nano.a(lib_a-init.o)
 .debug_frame   0x0000000000001c58       0x28 c:/st/stm32cubeide_1.8.0/stm32cubeide/plugins/com.st.stm32cube.ide.mcu.externaltools.gnu-tools-for-stm32.9-2020-q2-update.win32_2.0.0.202105311346/tools/bin/../lib/gcc/arm-none-eabi/9.3.1/../../../../arm-none-eabi/lib/thumb/v6-m/nofp\libc_nano.a(lib_a-memcpy-stub.o)
 .debug_frame   0x0000000000001c80       0x20 c:/st/stm32cubeide_1.8.0/stm32cubeide/plugins/com.st.stm32cube.ide.mcu.externaltools.gnu-tools-for-stm32.9-2020-q2-update.win32_2.0.0.202105311346/tools/bin/../lib/gcc/arm-none-eabi/9.3.1/../../../../arm-none-eabi/lib/thumb/v6-m/nofp\libc_nano.a(lib_a-memset.o)
 .debug_frame   0x0000000000001ca0       0x20 c:/st/stm32cubeide_1.8.0/stm32cubeide/plugins/com.st.stm32cube.ide.mcu.externaltools.gnu-tools-for-stm32.9-2020-q2-update.win32_2.0.0.202105311346/tools/bin/../lib/gcc/arm-none-eabi/9.3.1/thumb/v6-m/nofp\libgcc.a(_udivsi3.o)
