Archive member included to satisfy reference by file (symbol)

c:/st/stm32cubeide_1.8.0/stm32cubeide/plugins/com.st.stm32cube.ide.mcu.externaltools.gnu-tools-for-stm32.9-2020-q2-update.win32_2.0.0.202105311346/tools/bin/../lib/gcc/arm-none-eabi/9.3.1/../../../../arm-none-eabi/lib/thumb/v6-m/nofp\libc_nano.a(lib_a-errno.o)
                              ./Core/Src/syscalls.o (__errno)
c:/st/stm32cubeide_1.8.0/stm32cubeide/plugins/com.st.stm32cube.ide.mcu.externaltools.gnu-tools-for-stm32.9-2020-q2-update.win32_2.0.0.202105311346/tools/bin/../lib/gcc/arm-none-eabi/9.3.1/../../../../arm-none-eabi/lib/thumb/v6-m/nofp\libc_nano.a(lib_a-exit.o)
                              c:/st/stm32cubeide_1.8.0/stm32cubeide/plugins/com.st.stm32cube.ide.mcu.externaltools.gnu-tools-for-stm32.9-2020-q2-update.win32_2.0.0.202105311346/tools/bin/../lib/gcc/arm-none-eabi/9.3.1/../../../../arm-none-eabi/lib/thumb/v6-m/nofp/crt0.o (exit)
c:/st/stm32cubeide_1.8.0/stm32cubeide/plugins/com.st.stm32cube.ide.mcu.externaltools.gnu-tools-for-stm32.9-2020-q2-update.win32_2.0.0.202105311346/tools/bin/../lib/gcc/arm-none-eabi/9.3.1/../../../../arm-none-eabi/lib/thumb/v6-m/nofp\libc_nano.a(lib_a-impure.o)
                              c:/st/stm32cubeide_1.8.0/stm32cubeide/plugins/com.st.stm32cube.ide.mcu.externaltools.gnu-tools-for-stm32.9-2020-q2-update.win32_2.0.0.202105311346/tools/bin/../lib/gcc/arm-none-eabi/9.3.1/../../../../arm-none-eabi/lib/thumb/v6-m/nofp\libc_nano.a(lib_a-exit.o) (_global_impure_ptr)
c:/st/stm32cubeide_1.8.0/stm32cubeide/plugins/com.st.stm32cube.ide.mcu.externaltools.gnu-tools-for-stm32.9-2020-q2-update.win32_2.0.0.202105311346/tools/bin/../lib/gcc/arm-none-eabi/9.3.1/../../../../arm-none-eabi/lib/thumb/v6-m/nofp\libc_nano.a(lib_a-init.o)
                              c:/st/stm32cubeide_1.8.0/stm32cubeide/plugins/com.st.stm32cube.ide.mcu.externaltools.gnu-tools-for-stm32.9-2020-q2-update.win32_2.0.0.202105311346/tools/bin/../lib/gcc/arm-none-eabi/9.3.1/../../../../arm-none-eabi/lib/thumb/v6-m/nofp/crt0.o (__libc_init_array)
c:/st/stm32cubeide_1.8.0/stm32cubeide/plugins/com.st.stm32cube.ide.mcu.externaltools.gnu-tools-for-stm32.9-2020-q2-update.win32_2.0.0.202105311346/tools/bin/../lib/gcc/arm-none-eabi/9.3.1/../../../../arm-none-eabi/lib/thumb/v6-m/nofp\libc_nano.a(lib_a-memcpy-stub.o)
                              ./Core/Src/TJ_MPU6050.o (memcpy)
c:/st/stm32cubeide_1.8.0/stm32cubeide/plugins/com.st.stm32cube.ide.mcu.externaltools.gnu-tools-for-stm32.9-2020-q2-update.win32_2.0.0.202105311346/tools/bin/../lib/gcc/arm-none-eabi/9.3.1/../../../../arm-none-eabi/lib/thumb/v6-m/nofp\libc_nano.a(lib_a-memset.o)
                              c:/st/stm32cubeide_1.8.0/stm32cubeide/plugins/com.st.stm32cube.ide.mcu.externaltools.gnu-tools-for-stm32.9-2020-q2-update.win32_2.0.0.202105311346/tools/bin/../lib/gcc/arm-none-eabi/9.3.1/../../../../arm-none-eabi/lib/thumb/v6-m/nofp/crt0.o (memset)
c:/st/stm32cubeide_1.8.0/stm32cubeide/plugins/com.st.stm32cube.ide.mcu.externaltools.gnu-tools-for-stm32.9-2020-q2-update.win32_2.0.0.202105311346/tools/bin/../lib/gcc/arm-none-eabi/9.3.1/thumb/v6-m/nofp\libgcc.a(_udivsi3.o)
                              ./Core/Src/system_stm32g0xx.o (__aeabi_uidiv)
c:/st/stm32cubeide_1.8.0/stm32cubeide/plugins/com.st.stm32cube.ide.mcu.externaltools.gnu-tools-for-stm32.9-2020-q2-update.win32_2.0.0.202105311346/tools/bin/../lib/gcc/arm-none-eabi/9.3.1/thumb/v6-m/nofp\libgcc.a(_dvmd_tls.o)
                              c:/st/stm32cubeide_1.8.0/stm32cubeide/plugins/com.st.stm32cube.ide.mcu.externaltools.gnu-tools-for-stm32.9-2020-q2-update.win32_2.0.0.202105311346/tools/bin/../lib/gcc/arm-none-eabi/9.3.1/thumb/v6-m/nofp\libgcc.a(_udivsi3.o) (__aeabi_idiv0)
c:/st/stm32cubeide_1.8.0/stm32cubeide/plugins/com.st.stm32cube.ide.mcu.externaltools.gnu-tools-for-stm32.9-2020-q2-update.win32_2.0.0.202105311346/tools/bin/../lib/gcc/arm-none-eabi/9.3.1/thumb/v6-m/nofp\libgcc.a(addsf3.o)
                              ./Core/Src/TJ_MPU6050.o (__aeabi_fadd)
c:/st/stm32cubeide_1.8.0/stm32cubeide/plugins/com.st.stm32cube.ide.mcu.externaltools.gnu-tools-for-stm32.9-2020-q2-update.win32_2.0.0.202105311346/tools/bin/../lib/gcc/arm-none-eabi/9.3.1/thumb/v6-m/nofp\libgcc.a(divsf3.o)
                              ./Core/Src/TJ_MPU6050.o (__aeabi_fdiv)
c:/st/stm32cubeide_1.8.0/stm32cubeide/plugins/com.st.stm32cube.ide.mcu.externaltools.gnu-tools-for-stm32.9-2020-q2-update.win32_2.0.0.202105311346/tools/bin/../lib/gcc/arm-none-eabi/9.3.1/thumb/v6-m/nofp\libgcc.a(mulsf3.o)
                              ./Core/Src/TJ_MPU6050.o (__aeabi_fmul)
c:/st/stm32cubeide_1.8.0/stm32cubeide/plugins/com.st.stm32cube.ide.mcu.externaltools.gnu-tools-for-stm32.9-2020-q2-update.win32_2.0.0.202105311346/tools/bin/../lib/gcc/arm-none-eabi/9.3.1/thumb/v6-m/nofp\libgcc.a(subsf3.o)
                              ./Core/Src/TJ_MPU6050.o (__aeabi_fsub)
[...]
Memory Configuration

Name             Origin             Length             Attributes
RAM              0x0000000020000000 0x0000000000002000 xrw
FLASH            0x0000000008000000 0x0000000000008000 xr
*default*        0x0000000000000000 0xffffffffffffffff

Linker script and memory map

LOAD c:/st/stm32cubeide_1.8.0/stm32cubeide/plugins/com.st.stm32cube.ide.mcu.externaltools.gnu-tools-for-stm32.9-2020-q2-update.win32_2.0.0.202105311346/tools/bin/../lib/gcc/arm-none-eabi/9.3.1/thumb/v6-m/nofp/crti.o
LOAD c:/st/stm32cubeide_1.8.0/stm32cubeide/plugins/com.st.stm32cube.ide.mcu.externaltools.gnu-tools-for-stm32.9-2020-q2-update.win32_2.0.0.202105311346/tools/bin/../lib/gcc/arm-none-eabi/9.3.1/thumb/v6-m/nofp/crtbegin.o
LOAD c:/st/stm32cubeide_1.8.0/stm32cubeide/plugins/com.st.stm32cube.ide.mcu.externaltools.gnu-tools-for-stm32.9-2020-q2-update.win32_2.0.0.202105311346/tools/bin/../lib/gcc/arm-none-eabi/9.3.1/../../../../arm-none-eabi/lib/thumb/v6-m/nofp/crt0.o
LOAD ./Core/Src/TJ_MPU6050.o
LOAD ./Core/Src/main.o
LOAD ./Core/Src/stm32g0xx_hal_msp.o
LOAD ./Core/Src/stm32g0xx_it.o
LOAD ./Core/Src/syscalls.o
LOAD ./Core/Src/sysmem.o
LOAD ./Core/Src/system_stm32g0xx.o
LOAD ./Core/Startup/startup_stm32g041j6mx.o
LOAD ./Drivers/STM32G0xx_HAL_Driver/Src/stm32g0xx_hal.o
LOAD ./Drivers/STM32G0xx_HAL_Driver/Src/stm32g0xx_hal_cortex.o
LOAD ./Drivers/STM32G0xx_HAL_Driver/Src/stm32g0xx_hal_dma.o
LOAD ./Drivers/STM32G0xx_HAL_Driver/Src/stm32g0xx_hal_dma_ex.o
LOAD ./Drivers/STM32G0xx_HAL_Driver/Src/stm32g0xx_hal_exti.o
LOAD ./Drivers/STM32G0xx_HAL_Driver/Src/stm32g0xx_hal_flash.o
LOAD ./Drivers/STM32G0xx_HAL_Driver/Src/stm32g0xx_hal_flash_ex.o
LOAD ./Drivers/STM32G0xx_HAL_Driver/Src/stm32g0xx_hal_gpio.o
LOAD ./Drivers/STM32G0xx_HAL_Driver/Src/stm32g0xx_hal_i2c.o
LOAD ./Drivers/STM32G0xx_HAL_Driver/Src/stm32g0xx_hal_i2c_ex.o
LOAD ./Drivers/STM32G0xx_HAL_Driver/Src/stm32g0xx_hal_pwr.o
LOAD ./Drivers/STM32G0xx_HAL_Driver/Src/stm32g0xx_hal_pwr_ex.o
LOAD ./Drivers/STM32G0xx_HAL_Driver/Src/stm32g0xx_hal_rcc.o
LOAD ./Drivers/STM32G0xx_HAL_Driver/Src/stm32g0xx_hal_rcc_ex.o
LOAD ./Drivers/STM32G0xx_HAL_Driver/Src/stm32g0xx_hal_tim.o
LOAD ./Drivers/STM32G0xx_HAL_Driver/Src/stm32g0xx_hal_tim_ex.o
LOAD ./Drivers/STM32G0xx_HAL_Driver/Src/stm32g0xx_ll_dma.o
LOAD ./Drivers/STM32G0xx_HAL_Driver/Src/stm32g0xx_ll_rcc.o
START GROUP
LOAD c:/st/stm32cubeide_1.8.0/stm32cubeide/plugins/com.st.stm32cube.ide.mcu.externaltools.gnu-tools-for-stm32.9-2020-q2-update.win32_2.0.0.202105311346/tools/bin/../lib/gcc/arm-none-eabi/9.3.1/../../../../arm-none-eabi/lib/thumb/v6-m/nofp\libc_nano.a
LOAD c:/st/stm32cubeide_1.8.0/stm32cubeide/plugins/com.st.stm32cube.ide.mcu.externaltools.gnu-tools-for-stm32.9-2020-q2-update.win32_2.0.0.202105311346/tools/bin/../lib/gcc/arm-none-eabi/9.3.1/../../../../arm-none-eabi/lib/thumb/v6-m/nofp\libm.a
END GROUP
START GROUP
LOAD c:/st/stm32cubeide_1.8.0/stm32cubeide/plugins/com.st.stm32cube.ide.mcu.externaltools.gnu-tools-for-stm32.9-2020-q2-update.win32_2.0.0.202105311346/tools/bin/../lib/gcc/arm-none-eabi/9.3.1/thumb/v6-m/nofp\libgcc.a
LOAD c:/st/stm32cubeide_1.8.0/stm32cubeide/plugins/com.st.stm32cube.ide.mcu.externaltools.gnu-tools-for-stm32.9-2020-q2-update.win32_2.0.0.202105311346/tools/bin/../lib/gcc/arm-none-eabi/9.3.1/../../../../arm-none-eabi/lib/thumb/v6-m/nofp\libc_nano.a
END GROUP
START GROUP
LOAD c:/st/stm32cubeide_1.8.0/stm32cubeide/plugins/com.st.stm32cube.ide.mcu.externaltools.gnu-tools-for-stm32.9-2020-q2-update.win32_2.0.0.202105311346/tools/bin/../lib/gcc/arm-none-eabi/9.3.1/thumb/v6-m/nofp\libgcc.a
LOAD c:/st/stm32cubeide_1.8.0/stm32cubeide/plugins/com.st.stm32cube.ide.mcu.externaltools.gnu-tools-for-stm32.9-2020-q2-update.win32_2.0.0.202105311346/tools/bin/../lib/gcc/arm-none-eabi/9.3.1/../../../../arm-none-eabi/lib/thumb/v6-m/nofp\libc_nano.a
LOAD c:/st/stm32cubeide_1.8.0/stm32cubeide/plugins/com.st.stm32cube.ide.mcu.externaltools.gnu-tools-for-stm32.9-2020-q2-update.win32_2.0.0.202105311346/tools/bin/../lib/gcc/arm-none-eabi/9.3.1/../../../../arm-none-eabi/lib/thumb/v6-m/nofp\libnosys.a
END GROUP
START GROUP
LOAD c:/st/stm32cubeide_1.8.0/stm32cubeide/plugins/com.st.stm32cube.ide.mcu.externaltools.gnu-tools-for-stm32.9-2020-q2-update.win32_2.0.0.202105311346/tools/bin/../lib/gcc/arm-none-eabi/9.3.1/thumb/v6-m/nofp\libgcc.a
LOAD c:/st/stm32cubeide_1.8.0/stm32cubeide/plugins/com.st.stm32cube.ide.mcu.externaltools.gnu-tools-for-stm32.9-2020-q2-update.win32_2.0.0.202105311346/tools/bin/../lib/gcc/arm-none-eabi/9.3.1/../../../../arm-none-eabi/lib/thumb/v6-m/nofp\libc_nano.a
LOAD c:/st/stm32cubeide_1.8.0/stm32cubeide/plugins/com.st.stm32cube.ide.mcu.externaltools.gnu-tools-for-stm32.9-2020-q2-update.win32_2.0.0.202105311346/tools/bin/../lib/gcc/arm-none-eabi/9.3.1/../../../../arm-none-eabi/lib/thumb/v6-m/nofp\libnosys.a
END GROUP
LOAD c:/st/stm32cubeide_1.8.0/stm32cubeide/plugins/com.st.stm32cube.ide.mcu.externaltools.gnu-tools-for-stm32.9-2020-q2-update.win32_2.0.0.202105311346/tools/bin/../lib/gcc/arm-none-eabi/9.3.1/thumb/v6-m/nofp/crtend.o
LOAD c:/st/stm32cubeide_1.8.0/stm32cubeide/plugins/com.st.stm32cube.ide.mcu.externaltools.gnu-tools-for-stm32.9-2020-q2-update.win32_2.0.0.202105311346/tools/bin/../lib/gcc/arm-none-eabi/9.3.1/thumb/v6-m/nofp/crtn.o
                0x0000000020002000                _estack = (ORIGIN (RAM) + LENGTH (RAM))
                0x0000000000000200                _Min_Heap_Size = 0x200
                0x0000000000000400                _Min_Stack_Size = 0x400

.isr_vector     0x0000000008000000       0xc0
                0x0000000008000000                . = ALIGN (0x4)
 *(.isr_vector)
 .isr_vector    0x0000000008000000       0xc0 ./Core/Startup/startup_stm32g041j6mx.o
                0x0000000008000000                g_pfnVectors
                0x00000000080000c0                . = ALIGN (0x4)

.text           0x00000000080000c0     0x2c18
                0x00000000080000c0                . = ALIGN (0x4)
 *(.text)
 .text          0x00000000080000c0       0x48 c:/st/stm32cubeide_1.8.0/stm32cubeide/plugins/com.st.stm32cube.ide.mcu.externaltools.gnu-tools-for-stm32.9-2020-q2-update.win32_2.0.0.202105311346/tools/bin/../lib/gcc/arm-none-eabi/9.3.1/thumb/v6-m/nofp/crtbegin.o
 .text          0x0000000008000108      0x114 c:/st/stm32cubeide_1.8.0/stm32cubeide/plugins/com.st.stm32cube.ide.mcu.externaltools.gnu-tools-for-stm32.9-2020-q2-update.win32_2.0.0.202105311346/tools/bin/../lib/gcc/arm-none-eabi/9.3.1/thumb/v6-m/nofp\libgcc.a(_udivsi3.o)
                0x0000000008000108                __aeabi_uidiv
                0x0000000008000108                __udivsi3
                0x0000000008000214                __aeabi_uidivmod
 .text          0x000000000800021c        0x4 c:/st/stm32cubeide_1.8.0/stm32cubeide/plugins/com.st.stm32cube.ide.mcu.externaltools.gnu-tools-for-stm32.9-2020-q2-update.win32_2.0.0.202105311346/tools/bin/../lib/gcc/arm-none-eabi/9.3.1/thumb/v6-m/nofp\libgcc.a(_dvmd_tls.o)
                0x000000000800021c                __aeabi_idiv0
                0x000000000800021c                __aeabi_ldiv0
 *(.text*)
 .text.MPU6050_Init
                0x0000000008000220       0x20 ./Core/Src/TJ_MPU6050.o
                0x0000000008000220                MPU6050_Init
 .text.I2C_Write8
                0x0000000008000240       0x4c ./Core/Src/TJ_MPU6050.o
                0x0000000008000240                I2C_Write8
 .text.MPU6050_Config
                0x000000000800028c      0x178 ./Core/Src/TJ_MPU6050.o
                0x000000000800028c                MPU6050_Config
 .text.MPU6050_Set_SMPRT_DIV
                0x0000000008000404       0x20 ./Core/Src/TJ_MPU6050.o
                0x0000000008000404                MPU6050_Set_SMPRT_DIV
 .text.main     0x0000000008000424       0xc8 ./Core/Src/main.o
                0x0000000008000424                main
 .text.SystemClock_Config
                0x00000000080004ec       0xbc ./Core/Src/main.o
                0x00000000080004ec                SystemClock_Config
 .text.MX_I2C2_Init
                0x00000000080005a8       0x80 ./Core/Src/main.o
 .text.MX_TIM2_Init
                0x0000000008000628       0xc0 ./Core/Src/main.o
 .text.MX_GPIO_Init
                0x00000000080006e8       0x88 ./Core/Src/main.o
 .text.Error_Handler
                0x0000000008000770        0xa ./Core/Src/main.o
                0x0000000008000770                Error_Handler
 *fill*         0x000000000800077a        0x2 
 .text.HAL_MspInit
                0x000000000800077c       0x48 ./Core/Src/stm32g0xx_hal_msp.o
                0x000000000800077c                HAL_MspInit
 .text.HAL_I2C_MspInit
                0x00000000080007c4       0x98 ./Core/Src/stm32g0xx_hal_msp.o
                0x00000000080007c4                HAL_I2C_MspInit
 .text.HAL_TIM_PWM_MspInit
                0x000000000800085c       0x38 ./Core/Src/stm32g0xx_hal_msp.o
                0x000000000800085c                HAL_TIM_PWM_MspInit
 .text.HAL_TIM_MspPostInit
                0x0000000008000894       0x78 ./Core/Src/stm32g0xx_hal_msp.o
                0x0000000008000894                HAL_TIM_MspPostInit
 .text.NMI_Handler
                0x000000000800090c        0x6 ./Core/Src/stm32g0xx_it.o
                0x000000000800090c                NMI_Handler
 .text.HardFault_Handler
                0x0000000008000912        0x6 ./Core/Src/stm32g0xx_it.o
                0x0000000008000912                HardFault_Handler
 .text.SVC_Handler
                0x0000000008000918        0xa ./Core/Src/stm32g0xx_it.o
                0x0000000008000918                SVC_Handler
 .text.PendSV_Handler
                0x0000000008000922        0xa ./Core/Src/stm32g0xx_it.o
                0x0000000008000922                PendSV_Handler
 .text.SysTick_Handler
                0x000000000800092c        0xe ./Core/Src/stm32g0xx_it.o
                0x000000000800092c                SysTick_Handler
 *fill*         0x000000000800093a        0x2 
 .text.SystemInit
                0x000000000800093c       0x18 ./Core/Src/system_stm32g0xx.o
                0x000000000800093c                SystemInit
 .text.Reset_Handler
                0x0000000008000954       0x50 ./Core/Startup/startup_stm32g041j6mx.o
                0x0000000008000954                Reset_Handler
 .text.Default_Handler
                0x00000000080009a4        0x2 ./Core/Startup/startup_stm32g041j6mx.o
                0x00000000080009a4                TIM1_CC_IRQHandler
                0x00000000080009a4                PVD_IRQHandler
                0x00000000080009a4                I2C1_IRQHandler
                0x00000000080009a4                LPTIM2_IRQHandler
                0x00000000080009a4                RTC_TAMP_IRQHandler
                0x00000000080009a4                SPI1_IRQHandler
                0x00000000080009a4                DMA1_Ch4_5_DMAMUX1_OVR_IRQHandler
                0x00000000080009a4                EXTI2_3_IRQHandler
                0x00000000080009a4                ADC1_IRQHandler
                0x00000000080009a4                I2C2_IRQHandler
                0x00000000080009a4                TIM17_IRQHandler
                0x00000000080009a4                TIM16_IRQHandler
                0x00000000080009a4                TIM3_IRQHandler
                0x00000000080009a4                EXTI4_15_IRQHandler
                0x00000000080009a4                RCC_IRQHandler
                0x00000000080009a4                DMA1_Channel1_IRQHandler
                0x00000000080009a4                Default_Handler
                0x00000000080009a4                TIM14_IRQHandler
                0x00000000080009a4                EXTI0_1_IRQHandler
                0x00000000080009a4                SPI2_IRQHandler
                0x00000000080009a4                AES_RNG_IRQHandler
                0x00000000080009a4                WWDG_IRQHandler
                0x00000000080009a4                LPUART1_IRQHandler
                0x00000000080009a4                TIM2_IRQHandler
                0x00000000080009a4                DMA1_Channel2_3_IRQHandler
                0x00000000080009a4                USART2_IRQHandler
                0x00000000080009a4                FLASH_IRQHandler
                0x00000000080009a4                USART1_IRQHandler
                0x00000000080009a4                TIM1_BRK_UP_TRG_COM_IRQHandler
                0x00000000080009a4                LPTIM1_IRQHandler
 *fill*         0x00000000080009a6        0x2 
 .text.HAL_Init
                0x00000000080009a8       0x40 ./Drivers/STM32G0xx_HAL_Driver/Src/stm32g0xx_hal.o
                0x00000000080009a8                HAL_Init
 .text.HAL_InitTick
                0x00000000080009e8       0x94 ./Drivers/STM32G0xx_HAL_Driver/Src/stm32g0xx_hal.o
                0x00000000080009e8                HAL_InitTick
 .text.HAL_IncTick
                0x0000000008000a7c       0x24 ./Drivers/STM32G0xx_HAL_Driver/Src/stm32g0xx_hal.o
                0x0000000008000a7c                HAL_IncTick
 .text.HAL_GetTick
                0x0000000008000aa0       0x14 ./Drivers/STM32G0xx_HAL_Driver/Src/stm32g0xx_hal.o
                0x0000000008000aa0                HAL_GetTick
 .text.HAL_Delay
                0x0000000008000ab4       0x48 ./Drivers/STM32G0xx_HAL_Driver/Src/stm32g0xx_hal.o
                0x0000000008000ab4                HAL_Delay
 .text.__NVIC_SetPriority
                0x0000000008000afc       0xdc ./Drivers/STM32G0xx_HAL_Driver/Src/stm32g0xx_hal_cortex.o
 .text.SysTick_Config
                0x0000000008000bd8       0x48 ./Drivers/STM32G0xx_HAL_Driver/Src/stm32g0xx_hal_cortex.o
 .text.HAL_NVIC_SetPriority
                0x0000000008000c20       0x2a ./Drivers/STM32G0xx_HAL_Driver/Src/stm32g0xx_hal_cortex.o
                0x0000000008000c20                HAL_NVIC_SetPriority
 .text.HAL_SYSTICK_Config
                0x0000000008000c4a       0x1a ./Drivers/STM32G0xx_HAL_Driver/Src/stm32g0xx_hal_cortex.o
                0x0000000008000c4a                HAL_SYSTICK_Config
 .text.HAL_GPIO_Init
                0x0000000008000c64      0x2c8 ./Drivers/STM32G0xx_HAL_Driver/Src/stm32g0xx_hal_gpio.o
                0x0000000008000c64                HAL_GPIO_Init
 .text.HAL_GPIO_WritePin
                0x0000000008000f2c       0x3a ./Drivers/STM32G0xx_HAL_Driver/Src/stm32g0xx_hal_gpio.o
                0x0000000008000f2c                HAL_GPIO_WritePin
 *fill*         0x0000000008000f66        0x2 
 .text.HAL_I2C_Init
                0x0000000008000f68      0x12c ./Drivers/STM32G0xx_HAL_Driver/Src/stm32g0xx_hal_i2c.o
                0x0000000008000f68                HAL_I2C_Init
 .text.HAL_I2C_Master_Transmit
                0x0000000008001094      0x210 ./Drivers/STM32G0xx_HAL_Driver/Src/stm32g0xx_hal_i2c.o
                0x0000000008001094                HAL_I2C_Master_Transmit
 .text.I2C_Flush_TXDR
                0x00000000080012a4       0x44 ./Drivers/STM32G0xx_HAL_Driver/Src/stm32g0xx_hal_i2c.o
 .text.I2C_WaitOnFlagUntilTimeout
                0x00000000080012e8       0x7e ./Drivers/STM32G0xx_HAL_Driver/Src/stm32g0xx_hal_i2c.o
 .text.I2C_WaitOnTXISFlagUntilTimeout
                0x0000000008001366       0x7e ./Drivers/STM32G0xx_HAL_Driver/Src/stm32g0xx_hal_i2c.o
 .text.I2C_WaitOnSTOPFlagUntilTimeout
                0x00000000080013e4       0x78 ./Drivers/STM32G0xx_HAL_Driver/Src/stm32g0xx_hal_i2c.o
 .text.I2C_IsAcknowledgeFailed
                0x000000000800145c       0xf4 ./Drivers/STM32G0xx_HAL_Driver/Src/stm32g0xx_hal_i2c.o
 .text.I2C_TransferConfig
                0x0000000008001550       0x6c ./Drivers/STM32G0xx_HAL_Driver/Src/stm32g0xx_hal_i2c.o
 .text.HAL_I2CEx_ConfigAnalogFilter
                0x00000000080015bc       0x98 ./Drivers/STM32G0xx_HAL_Driver/Src/stm32g0xx_hal_i2c_ex.o
                0x00000000080015bc                HAL_I2CEx_ConfigAnalogFilter
 .text.HAL_I2CEx_ConfigDigitalFilter
                0x0000000008001654       0x98 ./Drivers/STM32G0xx_HAL_Driver/Src/stm32g0xx_hal_i2c_ex.o
                0x0000000008001654                HAL_I2CEx_ConfigDigitalFilter
 .text.HAL_PWREx_ControlVoltageScaling
                0x00000000080016ec       0x80 ./Drivers/STM32G0xx_HAL_Driver/Src/stm32g0xx_hal_pwr_ex.o
                0x00000000080016ec                HAL_PWREx_ControlVoltageScaling
 .text.HAL_RCC_OscConfig
                0x000000000800176c      0x640 ./Drivers/STM32G0xx_HAL_Driver/Src/stm32g0xx_hal_rcc.o
                0x000000000800176c                HAL_RCC_OscConfig
 .text.HAL_RCC_ClockConfig
                0x0000000008001dac      0x210 ./Drivers/STM32G0xx_HAL_Driver/Src/stm32g0xx_hal_rcc.o
                0x0000000008001dac                HAL_RCC_ClockConfig
 .text.HAL_RCC_GetSysClockFreq
                0x0000000008001fbc      0x104 ./Drivers/STM32G0xx_HAL_Driver/Src/stm32g0xx_hal_rcc.o
                0x0000000008001fbc                HAL_RCC_GetSysClockFreq
 .text.HAL_TIM_PWM_Init
                0x00000000080020c0       0xb0 ./Drivers/STM32G0xx_HAL_Driver/Src/stm32g0xx_hal_tim.o
                0x00000000080020c0                HAL_TIM_PWM_Init
 .text.HAL_TIM_PWM_Start
                0x0000000008002170      0x1bc ./Drivers/STM32G0xx_HAL_Driver/Src/stm32g0xx_hal_tim.o
                0x0000000008002170                HAL_TIM_PWM_Start
 .text.HAL_TIM_PWM_ConfigChannel
                0x000000000800232c      0x1ec ./Drivers/STM32G0xx_HAL_Driver/Src/stm32g0xx_hal_tim.o
                0x000000000800232c                HAL_TIM_PWM_ConfigChannel
 .text.TIM_Base_SetConfig
                0x0000000008002518       0xec ./Drivers/STM32G0xx_HAL_Driver/Src/stm32g0xx_hal_tim.o
                0x0000000008002518                TIM_Base_SetConfig
 .text.TIM_OC1_SetConfig
                0x0000000008002604      0x100 ./Drivers/STM32G0xx_HAL_Driver/Src/stm32g0xx_hal_tim.o
 .text.TIM_OC2_SetConfig
                0x0000000008002704       0xfc ./Drivers/STM32G0xx_HAL_Driver/Src/stm32g0xx_hal_tim.o
                0x0000000008002704                TIM_OC2_SetConfig
 .text.TIM_OC3_SetConfig
                0x0000000008002800      0x104 ./Drivers/STM32G0xx_HAL_Driver/Src/stm32g0xx_hal_tim.o
 .text.TIM_OC4_SetConfig
                0x0000000008002904       0xc8 ./Drivers/STM32G0xx_HAL_Driver/Src/stm32g0xx_hal_tim.o
 .text.TIM_OC5_SetConfig
                0x00000000080029cc       0xb4 ./Drivers/STM32G0xx_HAL_Driver/Src/stm32g0xx_hal_tim.o
 .text.TIM_OC6_SetConfig
                0x0000000008002a80       0xbc ./Drivers/STM32G0xx_HAL_Driver/Src/stm32g0xx_hal_tim.o
 .text.TIM_CCxChannelCmd
                0x0000000008002b3c       0x46 ./Drivers/STM32G0xx_HAL_Driver/Src/stm32g0xx_hal_tim.o
                0x0000000008002b3c                TIM_CCxChannelCmd
 *fill*         0x0000000008002b82        0x2 
 .text.HAL_TIMEx_MasterConfigSynchronization
                0x0000000008002b84       0xd0 ./Drivers/STM32G0xx_HAL_Driver/Src/stm32g0xx_hal_tim_ex.o
                0x0000000008002b84                HAL_TIMEx_MasterConfigSynchronization
 .text.__libc_init_array
                0x0000000008002c54       0x48 c:/st/stm32cubeide_1.8.0/stm32cubeide/plugins/com.st.stm32cube.ide.mcu.externaltools.gnu-tools-for-stm32.9-2020-q2-update.win32_2.0.0.202105311346/tools/bin/../lib/gcc/arm-none-eabi/9.3.1/../../../../arm-none-eabi/lib/thumb/v6-m/nofp\libc_nano.a(lib_a-init.o)
                0x0000000008002c54                __libc_init_array
 .text.memcpy   0x0000000008002c9c       0x12 c:/st/stm32cubeide_1.8.0/stm32cubeide/plugins/com.st.stm32cube.ide.mcu.externaltools.gnu-tools-for-stm32.9-2020-q2-update.win32_2.0.0.202105311346/tools/bin/../lib/gcc/arm-none-eabi/9.3.1/../../../../arm-none-eabi/lib/thumb/v6-m/nofp\libc_nano.a(lib_a-memcpy-stub.o)
                0x0000000008002c9c                memcpy
 .text.memset   0x0000000008002cae       0x10 c:/st/stm32cubeide_1.8.0/stm32cubeide/plugins/com.st.stm32cube.ide.mcu.externaltools.gnu-tools-for-stm32.9-2020-q2-update.win32_2.0.0.202105311346/tools/bin/../lib/gcc/arm-none-eabi/9.3.1/../../../../arm-none-eabi/lib/thumb/v6-m/nofp\libc_nano.a(lib_a-memset.o)
                0x0000000008002cae                memset
 *(.glue_7)
 .glue_7        0x0000000008002cbe        0x0 linker stubs
 *(.glue_7t)
 .glue_7t       0x0000000008002cbe        0x0 linker stubs
 *(.eh_frame)
 *fill*         0x0000000008002cbe        0x2 
 .eh_frame      0x0000000008002cc0        0x0 c:/st/stm32cubeide_1.8.0/stm32cubeide/plugins/com.st.stm32cube.ide.mcu.externaltools.gnu-tools-for-stm32.9-2020-q2-update.win32_2.0.0.202105311346/tools/bin/../lib/gcc/arm-none-eabi/9.3.1/thumb/v6-m/nofp/crtbegin.o
 *(.init)
 .init          0x0000000008002cc0        0x4 c:/st/stm32cubeide_1.8.0/stm32cubeide/plugins/com.st.stm32cube.ide.mcu.externaltools.gnu-tools-for-stm32.9-2020-q2-update.win32_2.0.0.202105311346/tools/bin/../lib/gcc/arm-none-eabi/9.3.1/thumb/v6-m/nofp/crti.o
                0x0000000008002cc0                _init
 .init          0x0000000008002cc4        0x8 c:/st/stm32cubeide_1.8.0/stm32cubeide/plugins/com.st.stm32cube.ide.mcu.externaltools.gnu-tools-for-stm32.9-2020-q2-update.win32_2.0.0.202105311346/tools/bin/../lib/gcc/arm-none-eabi/9.3.1/thumb/v6-m/nofp/crtn.o
 *(.fini)
 .fini          0x0000000008002ccc        0x4 c:/st/stm32cubeide_1.8.0/stm32cubeide/plugins/com.st.stm32cube.ide.mcu.externaltools.gnu-tools-for-stm32.9-2020-q2-update.win32_2.0.0.202105311346/tools/bin/../lib/gcc/arm-none-eabi/9.3.1/thumb/v6-m/nofp/crti.o
                0x0000000008002ccc                _fini
 .fini          0x0000000008002cd0        0x8 c:/st/stm32cubeide_1.8.0/stm32cubeide/plugins/com.st.stm32cube.ide.mcu.externaltools.gnu-tools-for-stm32.9-2020-q2-update.win32_2.0.0.202105311346/tools/bin/../lib/gcc/arm-none-eabi/9.3.1/thumb/v6-m/nofp/crtn.o
                0x0000000008002cd8                . = ALIGN (0x4)
                0x0000000008002cd8                _etext = .

.vfp11_veneer   0x0000000008002cd8        0x0
 .vfp11_veneer  0x0000000008002cd8        0x0 linker stubs

.v4_bx          0x0000000008002cd8        0x0
 .v4_bx         0x0000000008002cd8        0x0 linker stubs

.iplt           0x0000000008002cd8        0x0
 .iplt          0x0000000008002cd8        0x0 c:/st/stm32cubeide_1.8.0/stm32cubeide/plugins/com.st.stm32cube.ide.mcu.externaltools.gnu-tools-for-stm32.9-2020-q2-update.win32_2.0.0.202105311346/tools/bin/../lib/gcc/arm-none-eabi/9.3.1/thumb/v6-m/nofp/crtbegin.o

.rodata         0x0000000008002cd8       0x94
                0x0000000008002cd8                . = ALIGN (0x4)
 *(.rodata)
 *(.rodata*)
 .rodata.AHBPrescTable
                0x0000000008002cd8       0x40 ./Core/Src/system_stm32g0xx.o
                0x0000000008002cd8                AHBPrescTable
 .rodata.HAL_TIM_PWM_ConfigChannel
                0x0000000008002d18       0x54 ./Drivers/STM32G0xx_HAL_Driver/Src/stm32g0xx_hal_tim.o
                0x0000000008002d6c                . = ALIGN (0x4)

.rel.dyn        0x0000000008002d6c        0x0
 .rel.iplt      0x0000000008002d6c        0x0 c:/st/stm32cubeide_1.8.0/stm32cubeide/plugins/com.st.stm32cube.ide.mcu.externaltools.gnu-tools-for-stm32.9-2020-q2-update.win32_2.0.0.202105311346/tools/bin/../lib/gcc/arm-none-eabi/9.3.1/thumb/v6-m/nofp/crtbegin.o

.ARM.extab      0x0000000008002d6c        0x0
                0x0000000008002d6c                . = ALIGN (0x4)
 *(.ARM.extab* .gnu.linkonce.armextab.*)
                0x0000000008002d6c                . = ALIGN (0x4)

.ARM            0x0000000008002d6c        0x0
                0x0000000008002d6c                . = ALIGN (0x4)
                0x0000000008002d6c                __exidx_start = .
 *(.ARM.exidx*)
                0x0000000008002d6c                __exidx_end = .
                0x0000000008002d6c                . = ALIGN (0x4)

.preinit_array  0x0000000008002d6c        0x0
                0x0000000008002d6c                . = ALIGN (0x4)
                0x0000000008002d6c                PROVIDE (__preinit_array_start = .)
 *(.preinit_array*)
                0x0000000008002d6c                PROVIDE (__preinit_array_end = .)
                0x0000000008002d6c                . = ALIGN (0x4)

.init_array     0x0000000008002d6c        0x4
                0x0000000008002d6c                . = ALIGN (0x4)
                0x0000000008002d6c                PROVIDE (__init_array_start = .)
 *(SORT_BY_NAME(.init_array.*))
 *(.init_array*)
 .init_array    0x0000000008002d6c        0x4 c:/st/stm32cubeide_1.8.0/stm32cubeide/plugins/com.st.stm32cube.ide.mcu.externaltools.gnu-tools-for-stm32.9-2020-q2-update.win32_2.0.0.202105311346/tools/bin/../lib/gcc/arm-none-eabi/9.3.1/thumb/v6-m/nofp/crtbegin.o
                0x0000000008002d70                PROVIDE (__init_array_end = .)
                0x0000000008002d70                . = ALIGN (0x4)

.fini_array     0x0000000008002d70        0x4
                0x0000000008002d70                . = ALIGN (0x4)
                [!provide]                        PROVIDE (__fini_array_start = .)
 *(SORT_BY_NAME(.fini_array.*))
 *(.fini_array*)
 .fini_array    0x0000000008002d70        0x4 c:/st/stm32cubeide_1.8.0/stm32cubeide/plugins/com.st.stm32cube.ide.mcu.externaltools.gnu-tools-for-stm32.9-2020-q2-update.win32_2.0.0.202105311346/tools/bin/../lib/gcc/arm-none-eabi/9.3.1/thumb/v6-m/nofp/crtbegin.o
                [!provide]                        PROVIDE (__fini_array_end = .)
                0x0000000008002d74                . = ALIGN (0x4)
                0x0000000008002d74                _sidata = LOADADDR (.data)

.data           0x0000000020000000        0xc load address 0x0000000008002d74
                0x0000000020000000                . = ALIGN (0x4)
                0x0000000020000000                _sdata = .
 *(.data)
 *(.data*)
 .data.SystemCoreClock
                0x0000000020000000        0x4 ./Core/Src/system_stm32g0xx.o
                0x0000000020000000                SystemCoreClock
 .data.uwTickPrio
                0x0000000020000004        0x4 ./Drivers/STM32G0xx_HAL_Driver/Src/stm32g0xx_hal.o
                0x0000000020000004                uwTickPrio
 .data.uwTickFreq
                0x0000000020000008        0x1 ./Drivers/STM32G0xx_HAL_Driver/Src/stm32g0xx_hal.o
                0x0000000020000008                uwTickFreq
 *(.RamFunc)
 *(.RamFunc*)
                0x000000002000000c                . = ALIGN (0x4)
 *fill*         0x0000000020000009        0x3 
                0x000000002000000c                _edata = .

.igot.plt       0x000000002000000c        0x0 load address 0x0000000008002d80
 .igot.plt      0x000000002000000c        0x0 c:/st/stm32cubeide_1.8.0/stm32cubeide/plugins/com.st.stm32cube.ide.mcu.externaltools.gnu-tools-for-stm32.9-2020-q2-update.win32_2.0.0.202105311346/tools/bin/../lib/gcc/arm-none-eabi/9.3.1/thumb/v6-m/nofp/crtbegin.o
                0x000000002000000c                . = ALIGN (0x4)

.bss            0x000000002000000c      0x140 load address 0x0000000008002d80
                0x000000002000000c                _sbss = .
                0x000000002000000c                __bss_start__ = _sbss
 *(.bss)
 .bss           0x000000002000000c       0x1c c:/st/stm32cubeide_1.8.0/stm32cubeide/plugins/com.st.stm32cube.ide.mcu.externaltools.gnu-tools-for-stm32.9-2020-q2-update.win32_2.0.0.202105311346/tools/bin/../lib/gcc/arm-none-eabi/9.3.1/thumb/v6-m/nofp/crtbegin.o
 *(.bss*)
 .bss.i2cHandler
                0x0000000020000028       0x4c ./Core/Src/TJ_MPU6050.o
 .bss.accelScalingFactor
                0x0000000020000074        0x4 ./Core/Src/TJ_MPU6050.o
 .bss.gyroScalingFactor
                0x0000000020000078        0x4 ./Core/Src/TJ_MPU6050.o
 *(COMMON)
 COMMON         0x000000002000007c       0xcc ./Core/Src/main.o
                0x000000002000007c                hi2c2
                0x00000000200000c8                GyroRaw
                0x00000000200000d0                AccelCali
                0x00000000200000dc                AccelRaw
                0x00000000200000e4                GyroScaled
                0x00000000200000f0                htim2
                0x000000002000013c                AccelScaled
 COMMON         0x0000000020000148        0x4 ./Drivers/STM32G0xx_HAL_Driver/Src/stm32g0xx_hal.o
                0x0000000020000148                uwTick
                0x000000002000014c                . = ALIGN (0x4)
                0x000000002000014c                _ebss = .
                0x000000002000014c                __bss_end__ = _ebss

._user_heap_stack
                0x000000002000014c      0x604 load address 0x0000000008002d80
                0x0000000020000150                . = ALIGN (0x8)
 *fill*         0x000000002000014c        0x4 
                [!provide]                        PROVIDE (end = .)
                0x0000000020000150                PROVIDE (_end = .)
                0x0000000020000350                . = (. + _Min_Heap_Size)
 *fill*         0x0000000020000150      0x200 
                0x0000000020000750                . = (. + _Min_Stack_Size)
 *fill*         0x0000000020000350      0x400 
                0x0000000020000750                . = ALIGN (0x8)

/DISCARD/
 libc.a(*)
 libm.a(*)
 libgcc.a(*)

.ARM.attributes
                0x0000000000000000       0x28
 *(.ARM.attributes)
 .ARM.attributes
                0x0000000000000000       0x1e c:/st/stm32cubeide_1.8.0/stm32cubeide/plugins/com.st.stm32cube.ide.mcu.externaltools.gnu-tools-for-stm32.9-2020-q2-update.win32_2.0.0.202105311346/tools/bin/../lib/gcc/arm-none-eabi/9.3.1/thumb/v6-m/nofp/crti.o
 .ARM.attributes
                0x000000000000001e       0x2c c:/st/stm32cubeide_1.8.0/stm32cubeide/plugins/com.st.stm32cube.ide.mcu.externaltools.gnu-tools-for-stm32.9-2020-q2-update.win32_2.0.0.202105311346/tools/bin/../lib/gcc/arm-none-eabi/9.3.1/thumb/v6-m/nofp/crtbegin.o
 .ARM.attributes
                0x000000000000004a       0x2c ./Core/Src/TJ_MPU6050.o
 .ARM.attributes
                0x0000000000000076       0x2c ./Core/Src/main.o
 .ARM.attributes
                0x00000000000000a2       0x2c ./Core/Src/stm32g0xx_hal_msp.o
 .ARM.attributes
                0x00000000000000ce       0x2c ./Core/Src/stm32g0xx_it.o
 .ARM.attributes
                0x00000000000000fa       0x2c ./Core/Src/system_stm32g0xx.o
 .ARM.attributes
                0x0000000000000126       0x22 ./Core/Startup/startup_stm32g041j6mx.o
 .ARM.attributes
                0x0000000000000148       0x2c ./Drivers/STM32G0xx_HAL_Driver/Src/stm32g0xx_hal.o
 .ARM.attributes
                0x0000000000000174       0x2c ./Drivers/STM32G0xx_HAL_Driver/Src/stm32g0xx_hal_cortex.o
 .ARM.attributes
                0x00000000000001a0       0x2c ./Drivers/STM32G0xx_HAL_Driver/Src/stm32g0xx_hal_gpio.o
 .ARM.attributes
                0x00000000000001cc       0x2c ./Drivers/STM32G0xx_HAL_Driver/Src/stm32g0xx_hal_i2c.o
 .ARM.attributes
                0x00000000000001f8       0x2c ./Drivers/STM32G0xx_HAL_Driver/Src/stm32g0xx_hal_i2c_ex.o
 .ARM.attributes
                0x0000000000000224       0x2c ./Drivers/STM32G0xx_HAL_Driver/Src/stm32g0xx_hal_pwr_ex.o
 .ARM.attributes
                0x0000000000000250       0x2c ./Drivers/STM32G0xx_HAL_Driver/Src/stm32g0xx_hal_rcc.o
 .ARM.attributes
                0x000000000000027c       0x2c ./Drivers/STM32G0xx_HAL_Driver/Src/stm32g0xx_hal_tim.o
 .ARM.attributes
                0x00000000000002a8       0x2c ./Drivers/STM32G0xx_HAL_Driver/Src/stm32g0xx_hal_tim_ex.o
 .ARM.attributes
                0x00000000000002d4       0x2c c:/st/stm32cubeide_1.8.0/stm32cubeide/plugins/com.st.stm32cube.ide.mcu.externaltools.gnu-tools-for-stm32.9-2020-q2-update.win32_2.0.0.202105311346/tools/bin/../lib/gcc/arm-none-eabi/9.3.1/../../../../arm-none-eabi/lib/thumb/v6-m/nofp\libc_nano.a(lib_a-init.o)
 .ARM.attributes
                0x0000000000000300       0x2c c:/st/stm32cubeide_1.8.0/stm32cubeide/plugins/com.st.stm32cube.ide.mcu.externaltools.gnu-tools-for-stm32.9-2020-q2-update.win32_2.0.0.202105311346/tools/bin/../lib/gcc/arm-none-eabi/9.3.1/../../../../arm-none-eabi/lib/thumb/v6-m/nofp\libc_nano.a(lib_a-memcpy-stub.o)
 .ARM.attributes
                0x000000000000032c       0x2c c:/st/stm32cubeide_1.8.0/stm32cubeide/plugins/com.st.stm32cube.ide.mcu.externaltools.gnu-tools-for-stm32.9-2020-q2-update.win32_2.0.0.202105311346/tools/bin/../lib/gcc/arm-none-eabi/9.3.1/../../../../arm-none-eabi/lib/thumb/v6-m/nofp\libc_nano.a(lib_a-memset.o)
 .ARM.attributes
                0x0000000000000358       0x1e c:/st/stm32cubeide_1.8.0/stm32cubeide/plugins/com.st.stm32cube.ide.mcu.externaltools.gnu-tools-for-stm32.9-2020-q2-update.win32_2.0.0.202105311346/tools/bin/../lib/gcc/arm-none-eabi/9.3.1/thumb/v6-m/nofp\libgcc.a(_udivsi3.o)
 .ARM.attributes
                0x0000000000000376       0x1e c:/st/stm32cubeide_1.8.0/stm32cubeide/plugins/com.st.stm32cube.ide.mcu.externaltools.gnu-tools-for-stm32.9-2020-q2-update.win32_2.0.0.202105311346/tools/bin/../lib/gcc/arm-none-eabi/9.3.1/thumb/v6-m/nofp\libgcc.a(_dvmd_tls.o)
 .ARM.attributes
                0x0000000000000394       0x1e c:/st/stm32cubeide_1.8.0/stm32cubeide/plugins/com.st.stm32cube.ide.mcu.externaltools.gnu-tools-for-stm32.9-2020-q2-update.win32_2.0.0.202105311346/tools/bin/../lib/gcc/arm-none-eabi/9.3.1/thumb/v6-m/nofp/crtn.o
OUTPUT(STM32G0_WALKRUN.elf elf32-littlearm)
LOAD linker stubs
LOAD c:/st/stm32cubeide_1.8.0/stm32cubeide/plugins/com.st.stm32cube.ide.mcu.externaltools.gnu-tools-for-stm32.9-2020-q2-update.win32_2.0.0.202105311346/tools/bin/../lib/gcc/arm-none-eabi/9.3.1/../../../../arm-none-eabi/lib/thumb/v6-m/nofp\libc.a
LOAD c:/st/stm32cubeide_1.8.0/stm32cubeide/plugins/com.st.stm32cube.ide.mcu.externaltools.gnu-tools-for-stm32.9-2020-q2-update.win32_2.0.0.202105311346/tools/bin/../lib/gcc/arm-none-eabi/9.3.1/../../../../arm-none-eabi/lib/thumb/v6-m/nofp\libm.a
LOAD c:/st/stm32cubeide_1.8.0/stm32cubeide/plugins/com.st.stm32cube.ide.mcu.externaltools.gnu-tools-for-stm32.9-2020-q2-update.win32_2.0.0.202105311346/tools/bin/../lib/gcc/arm-none-eabi/9.3.1/thumb/v6-m/nofp\libgcc.a

.debug_info     0x0000000000000000     0xf1df
 .debug_info    0x0000000000000000     0x1692 ./Core/Src/TJ_MPU6050.o
 .debug_info    0x0000000000001692     0x1d31 ./Core/Src/main.o
 .debug_info    0x00000000000033c3     0x1004 ./Core/Src/stm32g0xx_hal_msp.o
 .debug_info    0x00000000000043c7      0x284 ./Core/Src/stm32g0xx_it.o
 .debug_info    0x000000000000464b      0x4fc ./Core/Src/system_stm32g0xx.o
 .debug_info    0x0000000000004b47       0x22 ./Core/Startup/startup_stm32g041j6mx.o
 .debug_info    0x0000000000004b69      0xb43 ./Drivers/STM32G0xx_HAL_Driver/Src/stm32g0xx_hal.o
 .debug_info    0x00000000000056ac      0xa53 ./Drivers/STM32G0xx_HAL_Driver/Src/stm32g0xx_hal_cortex.o
 .debug_info    0x00000000000060ff      0x729 ./Drivers/STM32G0xx_HAL_Driver/Src/stm32g0xx_hal_gpio.o
 .debug_info    0x0000000000006828     0x2315 ./Drivers/STM32G0xx_HAL_Driver/Src/stm32g0xx_hal_i2c.o
 .debug_info    0x0000000000008b3d      0xb90 ./Drivers/STM32G0xx_HAL_Driver/Src/stm32g0xx_hal_i2c_ex.o
 .debug_info    0x00000000000096cd      0x8ff ./Drivers/STM32G0xx_HAL_Driver/Src/stm32g0xx_hal_pwr_ex.o
 .debug_info    0x0000000000009fcc      0xc09 ./Drivers/STM32G0xx_HAL_Driver/Src/stm32g0xx_hal_rcc.o
 .debug_info    0x000000000000abd5     0x2ce1 ./Drivers/STM32G0xx_HAL_Driver/Src/stm32g0xx_hal_tim.o
 .debug_info    0x000000000000d8b6     0x1929 ./Drivers/STM32G0xx_HAL_Driver/Src/stm32g0xx_hal_tim_ex.o

.debug_abbrev   0x0000000000000000     0x1ed1
 .debug_abbrev  0x0000000000000000      0x257 ./Core/Src/TJ_MPU6050.o
 .debug_abbrev  0x0000000000000257      0x2f4 ./Core/Src/main.o
 .debug_abbrev  0x000000000000054b      0x1e6 ./Core/Src/stm32g0xx_hal_msp.o
 .debug_abbrev  0x0000000000000731      0x103 ./Core/Src/stm32g0xx_it.o
 .debug_abbrev  0x0000000000000834      0x165 ./Core/Src/system_stm32g0xx.o
 .debug_abbrev  0x0000000000000999       0x12 ./Core/Startup/startup_stm32g041j6mx.o
 .debug_abbrev  0x00000000000009ab      0x276 ./Drivers/STM32G0xx_HAL_Driver/Src/stm32g0xx_hal.o
 .debug_abbrev  0x0000000000000c21      0x2c5 ./Drivers/STM32G0xx_HAL_Driver/Src/stm32g0xx_hal_cortex.o
 .debug_abbrev  0x0000000000000ee6      0x1df ./Drivers/STM32G0xx_HAL_Driver/Src/stm32g0xx_hal_gpio.o
 .debug_abbrev  0x00000000000010c5      0x278 ./Drivers/STM32G0xx_HAL_Driver/Src/stm32g0xx_hal_i2c.o
 .debug_abbrev  0x000000000000133d      0x1fd ./Drivers/STM32G0xx_HAL_Driver/Src/stm32g0xx_hal_i2c_ex.o
 .debug_abbrev  0x000000000000153a      0x245 ./Drivers/STM32G0xx_HAL_Driver/Src/stm32g0xx_hal_pwr_ex.o
 .debug_abbrev  0x000000000000177f      0x25b ./Drivers/STM32G0xx_HAL_Driver/Src/stm32g0xx_hal_rcc.o
 .debug_abbrev  0x00000000000019da      0x280 ./Drivers/STM32G0xx_HAL_Driver/Src/stm32g0xx_hal_tim.o
 .debug_abbrev  0x0000000000001c5a      0x277 ./Drivers/STM32G0xx_HAL_Driver/Src/stm32g0xx_hal_tim_ex.o

.debug_aranges  0x0000000000000000      0xde8
 .debug_aranges
                0x0000000000000000       0x88 ./Core/Src/TJ_MPU6050.o
 .debug_aranges
                0x0000000000000088       0x48 ./Core/Src/main.o
 .debug_aranges
                0x00000000000000d0       0x48 ./Core/Src/stm32g0xx_hal_msp.o
 .debug_aranges
                0x0000000000000118       0x40 ./Core/Src/stm32g0xx_it.o
 .debug_aranges
                0x0000000000000158       0x28 ./Core/Src/system_stm32g0xx.o
 .debug_aranges
                0x0000000000000180       0x28 ./Core/Startup/startup_stm32g041j6mx.o
 .debug_aranges
                0x00000000000001a8      0x128 ./Drivers/STM32G0xx_HAL_Driver/Src/stm32g0xx_hal.o
 .debug_aranges
                0x00000000000002d0       0xd8 ./Drivers/STM32G0xx_HAL_Driver/Src/stm32g0xx_hal_cortex.o
 .debug_aranges
                0x00000000000003a8       0x60 ./Drivers/STM32G0xx_HAL_Driver/Src/stm32g0xx_hal_gpio.o
 .debug_aranges
                0x0000000000000408      0x290 ./Drivers/STM32G0xx_HAL_Driver/Src/stm32g0xx_hal_i2c.o
 .debug_aranges
                0x0000000000000698       0x48 ./Drivers/STM32G0xx_HAL_Driver/Src/stm32g0xx_hal_i2c_ex.o
 .debug_aranges
                0x00000000000006e0       0xf0 ./Drivers/STM32G0xx_HAL_Driver/Src/stm32g0xx_hal_pwr_ex.o
 .debug_aranges
                0x00000000000007d0       0xa0 ./Drivers/STM32G0xx_HAL_Driver/Src/stm32g0xx_hal_rcc.o
 .debug_aranges
                0x0000000000000870      0x3e0 ./Drivers/STM32G0xx_HAL_Driver/Src/stm32g0xx_hal_tim.o
 .debug_aranges
                0x0000000000000c50      0x198 ./Drivers/STM32G0xx_HAL_Driver/Src/stm32g0xx_hal_tim_ex.o

.debug_ranges   0x0000000000000000      0xd00
 .debug_ranges  0x0000000000000000       0x78 ./Core/Src/TJ_MPU6050.o
 .debug_ranges  0x0000000000000078       0x38 ./Core/Src/main.o
 .debug_ranges  0x00000000000000b0       0x38 ./Core/Src/stm32g0xx_hal_msp.o
 .debug_ranges  0x00000000000000e8       0x30 ./Core/Src/stm32g0xx_it.o
 .debug_ranges  0x0000000000000118       0x18 ./Core/Src/system_stm32g0xx.o
 .debug_ranges  0x0000000000000130       0x20 ./Core/Startup/startup_stm32g041j6mx.o
 .debug_ranges  0x0000000000000150      0x118 ./Drivers/STM32G0xx_HAL_Driver/Src/stm32g0xx_hal.o
 .debug_ranges  0x0000000000000268       0xc8 ./Drivers/STM32G0xx_HAL_Driver/Src/stm32g0xx_hal_cortex.o
 .debug_ranges  0x0000000000000330       0x50 ./Drivers/STM32G0xx_HAL_Driver/Src/stm32g0xx_hal_gpio.o
 .debug_ranges  0x0000000000000380      0x280 ./Drivers/STM32G0xx_HAL_Driver/Src/stm32g0xx_hal_i2c.o
 .debug_ranges  0x0000000000000600       0x38 ./Drivers/STM32G0xx_HAL_Driver/Src/stm32g0xx_hal_i2c_ex.o
 .debug_ranges  0x0000000000000638       0xe0 ./Drivers/STM32G0xx_HAL_Driver/Src/stm32g0xx_hal_pwr_ex.o
 .debug_ranges  0x0000000000000718       0x90 ./Drivers/STM32G0xx_HAL_Driver/Src/stm32g0xx_hal_rcc.o
 .debug_ranges  0x00000000000007a8      0x3d0 ./Drivers/STM32G0xx_HAL_Driver/Src/stm32g0xx_hal_tim.o
 .debug_ranges  0x0000000000000b78      0x188 ./Drivers/STM32G0xx_HAL_Driver/Src/stm32g0xx_hal_tim_ex.o

.debug_macro    0x0000000000000000    0x16963
 .debug_macro   0x0000000000000000      0x2d7 ./Core/Src/TJ_MPU6050.o
 .debug_macro   0x00000000000002d7      0xa7e ./Core/Src/TJ_MPU6050.o
 .debug_macro   0x0000000000000d55      0x11d ./Core/Src/TJ_MPU6050.o
 .debug_macro   0x0000000000000e72       0x2e ./Core/Src/TJ_MPU6050.o
 .debug_macro   0x0000000000000ea0       0x28 ./Core/Src/TJ_MPU6050.o
 .debug_macro   0x0000000000000ec8       0x22 ./Core/Src/TJ_MPU6050.o
 .debug_macro   0x0000000000000eea       0x8e ./Core/Src/TJ_MPU6050.o
 .debug_macro   0x0000000000000f78       0x51 ./Core/Src/TJ_MPU6050.o
 .debug_macro   0x0000000000000fc9      0x103 ./Core/Src/TJ_MPU6050.o
 .debug_macro   0x00000000000010cc       0x6a ./Core/Src/TJ_MPU6050.o
 .debug_macro   0x0000000000001136      0x1df ./Core/Src/TJ_MPU6050.o
 .debug_macro   0x0000000000001315       0x1c ./Core/Src/TJ_MPU6050.o
 .debug_macro   0x0000000000001331       0x22 ./Core/Src/TJ_MPU6050.o
 .debug_macro   0x0000000000001353       0xd7 ./Core/Src/TJ_MPU6050.o
 .debug_macro   0x000000000000142a      0x4da ./Core/Src/TJ_MPU6050.o
 .debug_macro   0x0000000000001904      0x11f ./Core/Src/TJ_MPU6050.o
 .debug_macro   0x0000000000001a23     0xaf20 ./Core/Src/TJ_MPU6050.o
 .debug_macro   0x000000000000c943       0x66 ./Core/Src/TJ_MPU6050.o
 .debug_macro   0x000000000000c9a9     0x34e5 ./Core/Src/TJ_MPU6050.o
 .debug_macro   0x000000000000fe8e      0x174 ./Core/Src/TJ_MPU6050.o
 .debug_macro   0x0000000000010002       0x5c ./Core/Src/TJ_MPU6050.o
 .debug_macro   0x000000000001005e      0x588 ./Core/Src/TJ_MPU6050.o
 .debug_macro   0x00000000000105e6      0xfb0 ./Core/Src/TJ_MPU6050.o
 .debug_macro   0x0000000000011596      0x241 ./Core/Src/TJ_MPU6050.o
 .debug_macro   0x00000000000117d7      0x1d0 ./Core/Src/TJ_MPU6050.o
 .debug_macro   0x00000000000119a7      0x122 ./Core/Src/TJ_MPU6050.o
 .debug_macro   0x0000000000011ac9      0x39e ./Core/Src/TJ_MPU6050.o
 .debug_macro   0x0000000000011e67      0x202 ./Core/Src/TJ_MPU6050.o
 .debug_macro   0x0000000000012069      0x30d ./Core/Src/TJ_MPU6050.o
 .debug_macro   0x0000000000012376      0x1b2 ./Core/Src/TJ_MPU6050.o
 .debug_macro   0x0000000000012528       0x43 ./Core/Src/TJ_MPU6050.o
 .debug_macro   0x000000000001256b      0x1f1 ./Core/Src/TJ_MPU6050.o
 .debug_macro   0x000000000001275c      0x1d7 ./Core/Src/TJ_MPU6050.o
 .debug_macro   0x0000000000012933      0x38a ./Core/Src/TJ_MPU6050.o
 .debug_macro   0x0000000000012cbd       0x28 ./Core/Src/TJ_MPU6050.o
 .debug_macro   0x0000000000012ce5       0xe4 ./Core/Src/TJ_MPU6050.o
 .debug_macro   0x0000000000012dc9      0x22c ./Core/Src/TJ_MPU6050.o
 .debug_macro   0x0000000000012ff5       0x67 ./Core/Src/TJ_MPU6050.o
 .debug_macro   0x000000000001305c       0xa5 ./Core/Src/TJ_MPU6050.o
 .debug_macro   0x0000000000013101      0x10c ./Core/Src/TJ_MPU6050.o
 .debug_macro   0x000000000001320d      0x240 ./Core/Src/TJ_MPU6050.o
 .debug_macro   0x000000000001344d      0xa9f ./Core/Src/TJ_MPU6050.o
 .debug_macro   0x0000000000013eec      0x135 ./Core/Src/TJ_MPU6050.o
 .debug_macro   0x0000000000014021      0x4ab ./Core/Src/TJ_MPU6050.o
 .debug_macro   0x00000000000144cc       0x52 ./Core/Src/TJ_MPU6050.o
 .debug_macro   0x000000000001451e       0x18 ./Core/Src/TJ_MPU6050.o
 .debug_macro   0x0000000000014536       0x3c ./Core/Src/TJ_MPU6050.o
 .debug_macro   0x0000000000014572       0x34 ./Core/Src/TJ_MPU6050.o
 .debug_macro   0x00000000000145a6       0x16 ./Core/Src/TJ_MPU6050.o
 .debug_macro   0x00000000000145bc       0x43 ./Core/Src/TJ_MPU6050.o
 .debug_macro   0x00000000000145ff       0x34 ./Core/Src/TJ_MPU6050.o
 .debug_macro   0x0000000000014633       0x10 ./Core/Src/TJ_MPU6050.o
 .debug_macro   0x0000000000014643       0x58 ./Core/Src/TJ_MPU6050.o
 .debug_macro   0x000000000001469b       0x71 ./Core/Src/TJ_MPU6050.o
 .debug_macro   0x000000000001470c       0x1c ./Core/Src/TJ_MPU6050.o
 .debug_macro   0x0000000000014728      0x12a ./Core/Src/TJ_MPU6050.o
 .debug_macro   0x0000000000014852      0x333 ./Core/Src/TJ_MPU6050.o
 .debug_macro   0x0000000000014b85       0x10 ./Core/Src/TJ_MPU6050.o
 .debug_macro   0x0000000000014b95       0x35 ./Core/Src/TJ_MPU6050.o
 .debug_macro   0x0000000000014bca       0x20 ./Core/Src/TJ_MPU6050.o
 .debug_macro   0x0000000000014bea       0x22 ./Core/Src/TJ_MPU6050.o
 .debug_macro   0x0000000000014c0c      0x1a9 ./Core/Src/TJ_MPU6050.o
 .debug_macro   0x0000000000014db5       0x6a ./Core/Src/TJ_MPU6050.o
 .debug_macro   0x0000000000014e1f      0x2e6 ./Core/Src/main.o
 .debug_macro   0x0000000000015105       0x1c ./Core/Src/main.o
 .debug_macro   0x0000000000015121      0x1f3 ./Core/Src/stm32g0xx_hal_msp.o
 .debug_macro   0x0000000000015314      0x1fd ./Core/Src/stm32g0xx_it.o
 .debug_macro   0x0000000000015511      0x1ea ./Core/Src/system_stm32g0xx.o
 .debug_macro   0x00000000000156fb      0x208 ./Drivers/STM32G0xx_HAL_Driver/Src/stm32g0xx_hal.o
 .debug_macro   0x0000000000015903      0x1e4 ./Drivers/STM32G0xx_HAL_Driver/Src/stm32g0xx_hal_cortex.o
 .debug_macro   0x0000000000015ae7      0x1eb ./Drivers/STM32G0xx_HAL_Driver/Src/stm32g0xx_hal_gpio.o
 .debug_macro   0x0000000000015cd2      0x2a9 ./Drivers/STM32G0xx_HAL_Driver/Src/stm32g0xx_hal_i2c.o
 .debug_macro   0x0000000000015f7b      0x1e4 ./Drivers/STM32G0xx_HAL_Driver/Src/stm32g0xx_hal_i2c_ex.o
 .debug_macro   0x000000000001615f      0x20e ./Drivers/STM32G0xx_HAL_Driver/Src/stm32g0xx_hal_pwr_ex.o
 .debug_macro   0x000000000001636d      0x220 ./Drivers/STM32G0xx_HAL_Driver/Src/stm32g0xx_hal_rcc.o
 .debug_macro   0x000000000001658d      0x1ec ./Drivers/STM32G0xx_HAL_Driver/Src/stm32g0xx_hal_tim.o
 .debug_macro   0x0000000000016779      0x1ea ./Drivers/STM32G0xx_HAL_Driver/Src/stm32g0xx_hal_tim_ex.o

.debug_line     0x0000000000000000    0x10d62
 .debug_line    0x0000000000000000      0xcc9 ./Core/Src/TJ_MPU6050.o
 .debug_line    0x0000000000000cc9      0xb82 ./Core/Src/main.o
 .debug_line    0x000000000000184b      0x92a ./Core/Src/stm32g0xx_hal_msp.o
 .debug_line    0x0000000000002175      0x8d9 ./Core/Src/stm32g0xx_it.o
 .debug_line    0x0000000000002a4e      0x8ef ./Core/Src/system_stm32g0xx.o
 .debug_line    0x000000000000333d       0x89 ./Core/Startup/startup_stm32g041j6mx.o
 .debug_line    0x00000000000033c6      0xc35 ./Drivers/STM32G0xx_HAL_Driver/Src/stm32g0xx_hal.o
 .debug_line    0x0000000000003ffb      0xc9e ./Drivers/STM32G0xx_HAL_Driver/Src/stm32g0xx_hal_cortex.o
 .debug_line    0x0000000000004c99      0xc88 ./Drivers/STM32G0xx_HAL_Driver/Src/stm32g0xx_hal_gpio.o
 .debug_line    0x0000000000005921     0x3423 ./Drivers/STM32G0xx_HAL_Driver/Src/stm32g0xx_hal_i2c.o
 .debug_line    0x0000000000008d44      0xa92 ./Drivers/STM32G0xx_HAL_Driver/Src/stm32g0xx_hal_i2c_ex.o
 .debug_line    0x00000000000097d6      0xbf6 ./Drivers/STM32G0xx_HAL_Driver/Src/stm32g0xx_hal_pwr_ex.o
 .debug_line    0x000000000000a3cc     0x1045 ./Drivers/STM32G0xx_HAL_Driver/Src/stm32g0xx_hal_rcc.o
 .debug_line    0x000000000000b411     0x3c18 ./Drivers/STM32G0xx_HAL_Driver/Src/stm32g0xx_hal_tim.o
 .debug_line    0x000000000000f029     0x1d39 ./Drivers/STM32G0xx_HAL_Driver/Src/stm32g0xx_hal_tim_ex.o

.debug_str      0x0000000000000000    0x91c21
 .debug_str     0x0000000000000000    0x8ddfd ./Core/Src/TJ_MPU6050.o
                                      0x8e4a1 (size before relaxing)
 .debug_str     0x000000000008ddfd      0x7d0 ./Core/Src/main.o
                                      0x8ea6e (size before relaxing)
 .debug_str     0x000000000008e5cd       0x9f ./Core/Src/stm32g0xx_hal_msp.o
                                      0x8aa56 (size before relaxing)
 .debug_str     0x000000000008e66c       0x76 ./Core/Src/stm32g0xx_it.o
                                      0x8a072 (size before relaxing)
 .debug_str     0x000000000008e6e2       0x9c ./Core/Src/system_stm32g0xx.o
                                      0x8a0ef (size before relaxing)
 .debug_str     0x000000000008e77e       0x36 ./Core/Startup/startup_stm32g041j6mx.o
                                         0x88 (size before relaxing)
 .debug_str     0x000000000008e7b4      0x6b1 ./Drivers/STM32G0xx_HAL_Driver/Src/stm32g0xx_hal.o
                                      0x8a7fe (size before relaxing)
 .debug_str     0x000000000008ee65      0x291 ./Drivers/STM32G0xx_HAL_Driver/Src/stm32g0xx_hal_cortex.o
                                      0x8a53d (size before relaxing)
 .debug_str     0x000000000008f0f6      0x180 ./Drivers/STM32G0xx_HAL_Driver/Src/stm32g0xx_hal_gpio.o
                                      0x8a216 (size before relaxing)
 .debug_str     0x000000000008f276      0xd46 ./Drivers/STM32G0xx_HAL_Driver/Src/stm32g0xx_hal_i2c.o
                                      0x8b3a0 (size before relaxing)
 .debug_str     0x000000000008ffbc       0xb8 ./Drivers/STM32G0xx_HAL_Driver/Src/stm32g0xx_hal_i2c_ex.o
                                      0x8a6fd (size before relaxing)
 .debug_str     0x0000000000090074      0x3ab ./Drivers/STM32G0xx_HAL_Driver/Src/stm32g0xx_hal_pwr_ex.o
                                      0x8a54a (size before relaxing)
 .debug_str     0x000000000009041f      0x372 ./Drivers/STM32G0xx_HAL_Driver/Src/stm32g0xx_hal_rcc.o
                                      0x8a6a6 (size before relaxing)
 .debug_str     0x0000000000090791      0xe23 ./Drivers/STM32G0xx_HAL_Driver/Src/stm32g0xx_hal_tim.o
                                      0x8b533 (size before relaxing)
 .debug_str     0x00000000000915b4      0x66d ./Drivers/STM32G0xx_HAL_Driver/Src/stm32g0xx_hal_tim_ex.o
                                      0x8ae7a (size before relaxing)

.comment        0x0000000000000000       0x53
 .comment       0x0000000000000000       0x53 ./Core/Src/TJ_MPU6050.o
                                         0x54 (size before relaxing)
 .comment       0x0000000000000053       0x54 ./Core/Src/main.o
 .comment       0x0000000000000053       0x54 ./Core/Src/stm32g0xx_hal_msp.o
 .comment       0x0000000000000053       0x54 ./Core/Src/stm32g0xx_it.o
 .comment       0x0000000000000053       0x54 ./Core/Src/system_stm32g0xx.o
 .comment       0x0000000000000053       0x54 ./Drivers/STM32G0xx_HAL_Driver/Src/stm32g0xx_hal.o
 .comment       0x0000000000000053       0x54 ./Drivers/STM32G0xx_HAL_Driver/Src/stm32g0xx_hal_cortex.o
 .comment       0x0000000000000053       0x54 ./Drivers/STM32G0xx_HAL_Driver/Src/stm32g0xx_hal_gpio.o
 .comment       0x0000000000000053       0x54 ./Drivers/STM32G0xx_HAL_Driver/Src/stm32g0xx_hal_i2c.o
 .comment       0x0000000000000053       0x54 ./Drivers/STM32G0xx_HAL_Driver/Src/stm32g0xx_hal_i2c_ex.o
 .comment       0x0000000000000053       0x54 ./Drivers/STM32G0xx_HAL_Driver/Src/stm32g0xx_hal_pwr_ex.o
 .comment       0x0000000000000053       0x54 ./Drivers/STM32G0xx_HAL_Driver/Src/stm32g0xx_hal_rcc.o
 .comment       0x0000000000000053       0x54 ./Drivers/STM32G0xx_HAL_Driver/Src/stm32g0xx_hal_tim.o
 .comment       0x0000000000000053       0x54 ./Drivers/STM32G0xx_HAL_Driver/Src/stm32g0xx_hal_tim_ex.o

.debug_frame    0x0000000000000000     0x3298
 .debug_frame   0x0000000000000000      0x1d0 ./Core/Src/TJ_MPU6050.o
 .debug_frame   0x00000000000001d0       0xc8 ./Core/Src/main.o
 .debug_frame   0x0000000000000298       0xd0 ./Core/Src/stm32g0xx_hal_msp.o
 .debug_frame   0x0000000000000368       0x9c ./Core/Src/stm32g0xx_it.o
 .debug_frame   0x0000000000000404       0x4c ./Core/Src/system_stm32g0xx.o
 .debug_frame   0x0000000000000450      0x3fc ./Drivers/STM32G0xx_HAL_Driver/Src/stm32g0xx_hal.o
 .debug_frame   0x000000000000084c      0x2fc ./Drivers/STM32G0xx_HAL_Driver/Src/stm32g0xx_hal_cortex.o
 .debug_frame   0x0000000000000b48      0x130 ./Drivers/STM32G0xx_HAL_Driver/Src/stm32g0xx_hal_gpio.o
 .debug_frame   0x0000000000000c78      0xa24 ./Drivers/STM32G0xx_HAL_Driver/Src/stm32g0xx_hal_i2c.o
 .debug_frame   0x000000000000169c       0xd0 ./Drivers/STM32G0xx_HAL_Driver/Src/stm32g0xx_hal_i2c_ex.o
 .debug_frame   0x000000000000176c      0x32c ./Drivers/STM32G0xx_HAL_Driver/Src/stm32g0xx_hal_pwr_ex.o
 .debug_frame   0x0000000000001a98      0x214 ./Drivers/STM32G0xx_HAL_Driver/Src/stm32g0xx_hal_rcc.o
 .debug_frame   0x0000000000001cac      0xf38 ./Drivers/STM32G0xx_HAL_Driver/Src/stm32g0xx_hal_tim.o
 .debug_frame   0x0000000000002be4      0x620 ./Drivers/STM32G0xx_HAL_Driver/Src/stm32g0xx_hal_tim_ex.o
 .debug_frame   0x0000000000003204       0x2c c:/st/stm32cubeide_1.8.0/stm32cubeide/plugins/com.st.stm32cube.ide.mcu.externaltools.gnu-tools-for-stm32.9-2020-q2-update.win32_2.0.0.202105311346/tools/bin/../lib/gcc/arm-none-eabi/9.3.1/../../../../arm-none-eabi/lib/thumb/v6-m/nofp\libc_nano.a(lib_a-init.o)
 .debug_frame   0x0000000000003230       0x28 c:/st/stm32cubeide_1.8.0/stm32cubeide/plugins/com.st.stm32cube.ide.mcu.externaltools.gnu-tools-for-stm32.9-2020-q2-update.win32_2.0.0.202105311346/tools/bin/../lib/gcc/arm-none-eabi/9.3.1/../../../../arm-none-eabi/lib/thumb/v6-m/nofp\libc_nano.a(lib_a-memcpy-stub.o)
 .debug_frame   0x0000000000003258       0x20 c:/st/stm32cubeide_1.8.0/stm32cubeide/plugins/com.st.stm32cube.ide.mcu.externaltools.gnu-tools-for-stm32.9-2020-q2-update.win32_2.0.0.202105311346/tools/bin/../lib/gcc/arm-none-eabi/9.3.1/../../../../arm-none-eabi/lib/thumb/v6-m/nofp\libc_nano.a(lib_a-memset.o)
 .debug_frame   0x0000000000003278       0x20 c:/st/stm32cubeide_1.8.0/stm32cubeide/plugins/com.st.stm32cube.ide.mcu.externaltools.gnu-tools-for-stm32.9-2020-q2-update.win32_2.0.0.202105311346/tools/bin/../lib/gcc/arm-none-eabi/9.3.1/thumb/v6-m/nofp\libgcc.a(_udivsi3.o)
